Archive member included because of file (symbol)

C:\Program Files (x86)\VEX Robotics\VEXcode Pro V5\sdk/vexv5\libv5rt.a(v5_startup.c.obj)
                              (vexStartup)
C:\Program Files (x86)\VEX Robotics\VEXcode Pro V5\sdk/vexv5\libv5rt.a(v5_util.c.obj)
                              C:\Program Files (x86)\VEX Robotics\VEXcode Pro V5\sdk/vexv5\libv5rt.a(v5_startup.c.obj) (vexStdlibVersionLinked)
C:\Program Files (x86)\VEX Robotics\VEXcode Pro V5\sdk/vexv5\libv5rt.a(v5_apijump.c.obj)
                              C:\Program Files (x86)\VEX Robotics\VEXcode Pro V5\sdk/vexv5\libv5rt.a(v5_startup.c.obj) (vexPrivateApiEnable)
C:\Program Files (x86)\VEX Robotics\VEXcode Pro V5\sdk/vexv5\libv5rt.a(v5_apiversions.c.obj)
                              C:\Program Files (x86)\VEX Robotics\VEXcode Pro V5\sdk/vexv5\libv5rt.a(v5_apijump.c.obj) (vexSystemVersion)
C:\Program Files (x86)\VEX Robotics\VEXcode Pro V5\sdk/vexv5\libv5rt.a(vex_global.cpp.obj)
                              build/src/main.o (vex::wait(double, vex::timeUnits))
C:\Program Files (x86)\VEX Robotics\VEXcode Pro V5\sdk/vexv5\libv5rt.a(vex_motor.cpp.obj)
                              build/src/robot-config.o (vex::motor::~motor())
C:\Program Files (x86)\VEX Robotics\VEXcode Pro V5\sdk/vexv5\libv5rt.a(vex_vision.cpp.obj)
                              build/src/vision.o (vex::vision::~vision())
C:\Program Files (x86)\VEX Robotics\VEXcode Pro V5\sdk/vexv5\libv5rt.a(vex_imu.cpp.obj)
                              build/src/robot-config.o (vex::inertial::~inertial())
C:\Program Files (x86)\VEX Robotics\VEXcode Pro V5\sdk/vexv5\libv5rt.a(vex_optical.cpp.obj)
                              build/src/robot-config.o (vex::optical::~optical())
C:\Program Files (x86)\VEX Robotics\VEXcode Pro V5\sdk/vexv5\libv5rt.a(vex_controller.cpp.obj)
                              build/src/robot-config.o (vex::controller::~controller())
C:\Program Files (x86)\VEX Robotics\VEXcode Pro V5\sdk/vexv5\libv5rt.a(vex_task.cpp.obj)
                              build/src/robot-config.o (vex::task::task(int (*)()))
C:\Program Files (x86)\VEX Robotics\VEXcode Pro V5\sdk/vexv5\libv5rt.a(vex_thread.cpp.obj)
                              build/src/pre-defined-functions.o (vex::this_thread::sleep_for(unsigned long))
C:\Program Files (x86)\VEX Robotics\VEXcode Pro V5\sdk/vexv5\libv5rt.a(vex_event.cpp.obj)
                              C:\Program Files (x86)\VEX Robotics\VEXcode Pro V5\sdk/vexv5\libv5rt.a(vex_imu.cpp.obj) (vex::event::init(unsigned long, unsigned long, void (*)()))
C:\Program Files (x86)\VEX Robotics\VEXcode Pro V5\sdk/vexv5\libv5rt.a(vex_mevent.cpp.obj)
                              C:\Program Files (x86)\VEX Robotics\VEXcode Pro V5\sdk/vexv5\libv5rt.a(vex_controller.cpp.obj) (vex::mevent::mevent(unsigned long, unsigned long))
C:\Program Files (x86)\VEX Robotics\VEXcode Pro V5\sdk/vexv5\libv5rt.a(vex_brain.cpp.obj)
                              build/src/robot-config.o (vex::brain::lcd::setCursor(long, long))
C:\Program Files (x86)\VEX Robotics\VEXcode Pro V5\sdk/vexv5\libv5rt.a(vex_competition.cpp.obj)
                              build/src/main.o (vex::competition::competition())
C:\Program Files (x86)\VEX Robotics\VEXcode Pro V5\sdk/vexv5\libv5rt.a(vex_triport.cpp.obj)
                              C:\Program Files (x86)\VEX Robotics\VEXcode Pro V5\sdk/vexv5\libv5rt.a(vex_brain.cpp.obj) (vex::triport::~triport())
C:\Program Files (x86)\VEX Robotics\VEXcode Pro V5\sdk/vexv5\libv5rt.a(vex_color.cpp.obj)
                              build/src/pre-defined-functions.o (vex::color::~color())
C:\Program Files (x86)\VEX Robotics\VEXcode Pro V5\sdk/vexv5\libv5rt.a(vex_timer.cpp.obj)
                              C:\Program Files (x86)\VEX Robotics\VEXcode Pro V5\sdk/vexv5\libv5rt.a(vex_brain.cpp.obj) (vex::timer::~timer())
C:\Program Files (x86)\VEX Robotics\VEXcode Pro V5\sdk/vexv5\libv5rt.a(vex_motorgroup.cpp.obj)
                              build/src/robot-config.o (vex::motor_group::motor_group())
C:\Program Files (x86)\VEX Robotics\VEXcode Pro V5\sdk/vexv5\libv5rt.a(vex_drivetrain.cpp.obj)
                              build/src/vision.o (vex::drivetrain::setDriveVelocity(double, vex::velocityUnits))
C:\Program Files (x86)\VEX Robotics\VEXcode Pro V5\sdk/vexv5\libv5rt.a(vex_smartdrive.cpp.obj)
                              build/src/robot-config.o (vex::smartdrive::~smartdrive())
C:\Program Files (x86)\VEX Robotics\VEXcode Pro V5\sdk/vexv5\libv5rt.a(v5_apiuser.c.obj)
                              C:\Program Files (x86)\VEX Robotics\VEXcode Pro V5\sdk/vexv5\libv5rt.a(vex_triport.cpp.obj) (vexAdiPortConfigSet)
C:\Program Files (x86)\VEX Robotics\VEXcode Pro V5\sdk/vexv5\libv5rt.a(vex_device.cpp.obj)
                              C:\Program Files (x86)\VEX Robotics\VEXcode Pro V5\sdk/vexv5\libv5rt.a(vex_motor.cpp.obj) (vex::device::~device())
C:\Program Files (x86)\VEX Robotics\VEXcode Pro V5\sdk/vexv5/gcc/libs\libc.a(lib_a-fini.o)
[...]
Memory Configuration

Name             Origin             Length             Attributes
ps7_ddr_0_S_AXI_BASEADDR 0x03800000         0x04800000
*default*        0x00000000         0xffffffff

Linker script and memory map

                0x00002000                _STACK_SIZE = DEFINED (_STACK_SIZE)?_STACK_SIZE:0x2000
                0x00100000                _HEAP_SIZE = DEFINED (_HEAP_SIZE)?_HEAP_SIZE:0x100000
                0x00000400                _ABORT_STACK_SIZE = DEFINED (_ABORT_STACK_SIZE)?_ABORT_STACK_SIZE:0x400
                0x00000800                _SUPERVISOR_STACK_SIZE = DEFINED (_SUPERVISOR_STACK_SIZE)?_SUPERVISOR_STACK_SIZE:0x800
                0x00000400                _IRQ_STACK_SIZE = DEFINED (_IRQ_STACK_SIZE)?_IRQ_STACK_SIZE:0x400
                0x00000400                _FIQ_STACK_SIZE = DEFINED (_FIQ_STACK_SIZE)?_FIQ_STACK_SIZE:0x400
                0x00000400                _UNDEF_STACK_SIZE = DEFINED (_UNDEF_STACK_SIZE)?_UNDEF_STACK_SIZE:0x400

.text           0x03800000     0x5e70
 *(.vectors)
 *(.boot_data)
 .boot_data     0x03800000       0x20 C:\Program Files (x86)\VEX Robotics\VEXcode Pro V5\sdk/vexv5\libv5rt.a(v5_startup.c.obj)
                0x03800000                vexCodeSig
                0x00000020                . = 0x20
 *(.boot)
 .boot          0x03800020       0xbc C:\Program Files (x86)\VEX Robotics\VEXcode Pro V5\sdk/vexv5\libv5rt.a(v5_startup.c.obj)
                0x03800020                vexStartup
                0x03800100                . = ALIGN (0x40)
 *fill*         0x038000dc       0x24 
 *(.freertos_vectors)
 *(.text)
 *(.text.*)
 .text._ZN3vex6visionC2IJNS0_9signatureES2_S2_S2_S2_S2_S2_EEElhDpRT_
                0x03800100       0x64 build/src/vision.o
                0x03800100                vex::vision::vision<vex::vision::signature, vex::vision::signature, vex::vision::signature, vex::vision::signature, vex::vision::signature, vex::vision::signature, vex::vision::signature>(long, unsigned char, vex::vision::signature&, vex::vision::signature&, vex::vision::signature&, vex::vision::signature&, vex::vision::signature&, vex::vision::signature&, vex::vision::signature&)
 .text._Z14visionTurnBluev
                0x03800164       0xec build/src/vision.o
                0x03800164                visionTurnBlue()
 .text._Z13visionTurnRedv
                0x03800250       0xec build/src/vision.o
                0x03800250                visionTurnRed()
 .text._ZN3vex6vision7_setsigINS0_9signatureEJS2_S2_S2_S2_EEEvRT_DpRT0_
                0x0380033c       0x4c build/src/vision.o
                0x0380033c                void vex::vision::_setsig<vex::vision::signature, vex::vision::signature, vex::vision::signature, vex::vision::signature, vex::vision::signature>(vex::vision::signature&, vex::vision::signature&, vex::vision::signature&, vex::vision::signature&, vex::vision::signature&)
 .text._GLOBAL__sub_I_vision.cpp
                0x03800388      0x2e8 build/src/vision.o
 .text._Z10autonomousv
                0x03800670        0x4 build/src/main.o
                0x03800670                autonomous()
 .text._Z11usercontrolv
                0x03800674       0x30 build/src/main.o
                0x03800674                usercontrol()
 *fill*         0x038006a4        0x4 
 .text.main     0x038006a8       0x68 build/src/main.o
                0x038006a8                main
 .text._GLOBAL__sub_I_main.cpp
                0x03800710       0x5c build/src/main.o
 .text._GLOBAL__sub_I_PID.cpp
                0x0380076c       0x34 build/src/PID.o
 .text._Z33rc_auto_loop_function_Controller1v
                0x038007a0      0x478 build/src/robot-config.o
                0x038007a0                rc_auto_loop_function_Controller1()
 .text._Z11vexcodeInitv
                0x03800c18      0x130 build/src/robot-config.o
                0x03800c18                vexcodeInit()
 .text._GLOBAL__sub_I_robot_config.cpp
                0x03800d48      0x498 build/src/robot-config.o
 .text._Z13startFlyWheeli
                0x038011e0       0x40 build/src/pre-defined-functions.o
                0x038011e0                startFlyWheel(int)
 .text._Z12stopFlyWheelv
                0x03801220        0xc build/src/pre-defined-functions.o
                0x03801220                stopFlyWheel()
 *fill*         0x0380122c        0x4 
 .text._Z15moveForwardTimei
                0x03801230       0x78 build/src/pre-defined-functions.o
                0x03801230                moveForwardTime(int)
 .text._Z16moveBackwardTimeii
                0x038012a8       0x70 build/src/pre-defined-functions.o
                0x038012a8                moveBackwardTime(int, int)
 .text._Z13turnRightTimei
                0x03801318       0x80 build/src/pre-defined-functions.o
                0x03801318                turnRightTime(int)
 .text._Z12turnLeftTimei
                0x03801398       0x80 build/src/pre-defined-functions.o
                0x03801398                turnLeftTime(int)
 .text._Z10rollerTimeii
                0x03801418       0x54 build/src/pre-defined-functions.o
                0x03801418                rollerTime(int, int)
 *fill*         0x0380146c        0x4 
 .text._Z11indexerFirev
                0x03801470      0x148 build/src/pre-defined-functions.o
                0x03801470                indexerFire()
 .text._Z17indexerFireSkillsv
                0x038015b8      0x148 build/src/pre-defined-functions.o
                0x038015b8                indexerFireSkills()
 .text._Z11startIntakev
                0x03801700       0x48 build/src/pre-defined-functions.o
                0x03801700                startIntake()
 .text._Z10stopIntakev
                0x03801748       0x18 build/src/pre-defined-functions.o
                0x03801748                stopIntake()
 .text._GLOBAL__sub_I_pre_defined_functions.cpp
                0x03801760       0x34 build/src/pre-defined-functions.o
 *fill*         0x03801794        0x4 
 .text._Z12auton_skillsv
                0x03801798       0xe8 build/src/autonomus-functions.o
                0x03801798                auton_skills()
 .text._GLOBAL__sub_I_autonomus_functions.cpp
                0x03801880       0x34 build/src/autonomus-functions.o
 .text.vexMain  0x038018b4       0xb0 C:\Program Files (x86)\VEX Robotics\VEXcode Pro V5\sdk/vexv5\libv5rt.a(v5_startup.c.obj)
                0x038018b4                vexMain
 .text.__vex_function_prolog
                0x03801964       0x18 C:\Program Files (x86)\VEX Robotics\VEXcode Pro V5\sdk/vexv5\libv5rt.a(v5_startup.c.obj)
                0x03801964                __vex_function_prolog
 .text._init    0x0380197c        0x4 C:\Program Files (x86)\VEX Robotics\VEXcode Pro V5\sdk/vexv5\libv5rt.a(v5_startup.c.obj)
                0x0380197c                _init
 .text._fini    0x03801980        0x4 C:\Program Files (x86)\VEX Robotics\VEXcode Pro V5\sdk/vexv5\libv5rt.a(v5_startup.c.obj)
                0x03801980                _fini
 .text.vexStdlibVersionLinked
                0x03801984        0xc C:\Program Files (x86)\VEX Robotics\VEXcode Pro V5\sdk/vexv5\libv5rt.a(v5_util.c.obj)
                0x03801984                vexStdlibVersionLinked
 .text.vexStdlibVersionVerify
                0x03801990       0x30 C:\Program Files (x86)\VEX Robotics\VEXcode Pro V5\sdk/vexv5\libv5rt.a(v5_util.c.obj)
                0x03801990                vexStdlibVersionVerify
 .text.vexPrivateApiEnable
                0x038019c0       0x10 C:\Program Files (x86)\VEX Robotics\VEXcode Pro V5\sdk/vexv5\libv5rt.a(v5_apijump.c.obj)
                0x038019c0                vexPrivateApiEnable
 .text.vexStdlibMismatchError
                0x038019d0       0x3c C:\Program Files (x86)\VEX Robotics\VEXcode Pro V5\sdk/vexv5\libv5rt.a(v5_apijump.c.obj)
                0x038019d0                vexStdlibMismatchError
 .text.vexTaskAdd
                0x03801a0c       0x10 C:\Program Files (x86)\VEX Robotics\VEXcode Pro V5\sdk/vexv5\libv5rt.a(v5_apijump.c.obj)
                0x03801a0c                vexTaskAdd
 .text.vexTasksRun
                0x03801a1c       0x10 C:\Program Files (x86)\VEX Robotics\VEXcode Pro V5\sdk/vexv5\libv5rt.a(v5_apijump.c.obj)
                0x03801a1c                vexTasksRun
 .text.vexTaskYield
                0x03801a2c       0x10 C:\Program Files (x86)\VEX Robotics\VEXcode Pro V5\sdk/vexv5\libv5rt.a(v5_apijump.c.obj)
                0x03801a2c                vexTaskYield
 .text.vexTaskCheckTimeslice
                0x03801a3c       0x10 C:\Program Files (x86)\VEX Robotics\VEXcode Pro V5\sdk/vexv5\libv5rt.a(v5_apijump.c.obj)
                0x03801a3c                vexTaskCheckTimeslice
 .text.vexTaskSleep
                0x03801a4c       0x10 C:\Program Files (x86)\VEX Robotics\VEXcode Pro V5\sdk/vexv5\libv5rt.a(v5_apijump.c.obj)
                0x03801a4c                vexTaskSleep
 .text.vexTasksDump
                0x03801a5c       0x1c C:\Program Files (x86)\VEX Robotics\VEXcode Pro V5\sdk/vexv5\libv5rt.a(v5_apijump.c.obj)
                0x03801a5c                vexTasksDump
 .text.vexTaskStateGet
                0x03801a78       0x10 C:\Program Files (x86)\VEX Robotics\VEXcode Pro V5\sdk/vexv5\libv5rt.a(v5_apijump.c.obj)
                0x03801a78                vexTaskStateGet
 .text.vexTaskGetTaskIndex
                0x03801a88       0x10 C:\Program Files (x86)\VEX Robotics\VEXcode Pro V5\sdk/vexv5\libv5rt.a(v5_apijump.c.obj)
                0x03801a88                vexTaskGetTaskIndex
 .text.vexTaskStopAll
                0x03801a98       0x10 C:\Program Files (x86)\VEX Robotics\VEXcode Pro V5\sdk/vexv5\libv5rt.a(v5_apijump.c.obj)
                0x03801a98                vexTaskStopAll
 .text.vexTaskRemoveAllUser
                0x03801aa8       0x34 C:\Program Files (x86)\VEX Robotics\VEXcode Pro V5\sdk/vexv5\libv5rt.a(v5_apijump.c.obj)
                0x03801aa8                vexTaskRemoveAllUser
 .text.vexTaskCompletionIdSet
                0x03801adc       0x10 C:\Program Files (x86)\VEX Robotics\VEXcode Pro V5\sdk/vexv5\libv5rt.a(v5_apijump.c.obj)
                0x03801adc                vexTaskCompletionIdSet
 .text.vexTaskAddWithArg
                0x03801aec       0x10 C:\Program Files (x86)\VEX Robotics\VEXcode Pro V5\sdk/vexv5\libv5rt.a(v5_apijump.c.obj)
                0x03801aec                vexTaskAddWithArg
 .text.vexTaskStopWithId
                0x03801afc       0x10 C:\Program Files (x86)\VEX Robotics\VEXcode Pro V5\sdk/vexv5\libv5rt.a(v5_apijump.c.obj)
                0x03801afc                vexTaskStopWithId
 .text.vexCriticalSection
                0x03801b0c       0x2c C:\Program Files (x86)\VEX Robotics\VEXcode Pro V5\sdk/vexv5\libv5rt.a(v5_apijump.c.obj)
                0x03801b0c                vexCriticalSection
 .text.vexEventAdd
                0x03801b38       0x34 C:\Program Files (x86)\VEX Robotics\VEXcode Pro V5\sdk/vexv5\libv5rt.a(v5_apijump.c.obj)
                0x03801b38                vexEventAdd
 .text.vexEventUserIndexGet
                0x03801b6c       0x1c C:\Program Files (x86)\VEX Robotics\VEXcode Pro V5\sdk/vexv5\libv5rt.a(v5_apijump.c.obj)
                0x03801b6c                vexEventUserIndexGet
 .text.vexEventAddWithArg
                0x03801b88       0x3c C:\Program Files (x86)\VEX Robotics\VEXcode Pro V5\sdk/vexv5\libv5rt.a(v5_apijump.c.obj)
                0x03801b88                vexEventAddWithArg
 .text.vexEventsCleanup
                0x03801bc4       0x2c C:\Program Files (x86)\VEX Robotics\VEXcode Pro V5\sdk/vexv5\libv5rt.a(v5_apijump.c.obj)
                0x03801bc4                vexEventsCleanup
 .text.vexDebug
                0x03801bf0       0x38 C:\Program Files (x86)\VEX Robotics\VEXcode Pro V5\sdk/vexv5\libv5rt.a(v5_apijump.c.obj)
                0x03801bf0                vexDebug
 .text.vex_sprintf
                0x03801c28       0x40 C:\Program Files (x86)\VEX Robotics\VEXcode Pro V5\sdk/vexv5\libv5rt.a(v5_apijump.c.obj)
                0x03801c28                vex_sprintf
 .text.vex_vsnprintf
                0x03801c68       0x3c C:\Program Files (x86)\VEX Robotics\VEXcode Pro V5\sdk/vexv5\libv5rt.a(v5_apijump.c.obj)
                0x03801c68                vex_vsnprintf
 .text.vexSystemTimeGet
                0x03801ca4       0x1c C:\Program Files (x86)\VEX Robotics\VEXcode Pro V5\sdk/vexv5\libv5rt.a(v5_apijump.c.obj)
                0x03801ca4                vexSystemTimeGet
 .text.vexSystemExitRequest
                0x03801cc0       0x1c C:\Program Files (x86)\VEX Robotics\VEXcode Pro V5\sdk/vexv5\libv5rt.a(v5_apijump.c.obj)
                0x03801cc0                vexSystemExitRequest
 .text.vexDeviceGetByIndex
                0x03801cdc       0x24 C:\Program Files (x86)\VEX Robotics\VEXcode Pro V5\sdk/vexv5\libv5rt.a(v5_apijump.c.obj)
                0x03801cdc                vexDeviceGetByIndex
 .text.vexControllerGet
                0x03801d00       0x2c C:\Program Files (x86)\VEX Robotics\VEXcode Pro V5\sdk/vexv5\libv5rt.a(v5_apijump.c.obj)
                0x03801d00                vexControllerGet
 .text.vexDeviceAdiPortConfigSet
                0x03801d2c       0x34 C:\Program Files (x86)\VEX Robotics\VEXcode Pro V5\sdk/vexv5\libv5rt.a(v5_apijump.c.obj)
                0x03801d2c                vexDeviceAdiPortConfigSet
 .text.vexDeviceAdiPortConfigGet
                0x03801d60       0x2c C:\Program Files (x86)\VEX Robotics\VEXcode Pro V5\sdk/vexv5\libv5rt.a(v5_apijump.c.obj)
                0x03801d60                vexDeviceAdiPortConfigGet
 .text.vexDeviceAdiValueSet
                0x03801d8c       0x34 C:\Program Files (x86)\VEX Robotics\VEXcode Pro V5\sdk/vexv5\libv5rt.a(v5_apijump.c.obj)
                0x03801d8c                vexDeviceAdiValueSet
 .text.vexDeviceAdiValueGet
                0x03801dc0       0x2c C:\Program Files (x86)\VEX Robotics\VEXcode Pro V5\sdk/vexv5\libv5rt.a(v5_apijump.c.obj)
                0x03801dc0                vexDeviceAdiValueGet
 .text.vexDeviceMotorVelocitySet
                0x03801dec       0x2c C:\Program Files (x86)\VEX Robotics\VEXcode Pro V5\sdk/vexv5\libv5rt.a(v5_apijump.c.obj)
                0x03801dec                vexDeviceMotorVelocitySet
 .text.vexDeviceMotorVelocityGet
                0x03801e18       0x24 C:\Program Files (x86)\VEX Robotics\VEXcode Pro V5\sdk/vexv5\libv5rt.a(v5_apijump.c.obj)
                0x03801e18                vexDeviceMotorVelocityGet
 .text.vexDeviceMotorActualVelocityGet
                0x03801e3c       0x24 C:\Program Files (x86)\VEX Robotics\VEXcode Pro V5\sdk/vexv5\libv5rt.a(v5_apijump.c.obj)
                0x03801e3c                vexDeviceMotorActualVelocityGet
 .text.vexDeviceMotorModeGet
                0x03801e60       0x24 C:\Program Files (x86)\VEX Robotics\VEXcode Pro V5\sdk/vexv5\libv5rt.a(v5_apijump.c.obj)
                0x03801e60                vexDeviceMotorModeGet
 .text.vexDeviceMotorZeroPositionFlagGet
                0x03801e84       0x24 C:\Program Files (x86)\VEX Robotics\VEXcode Pro V5\sdk/vexv5\libv5rt.a(v5_apijump.c.obj)
                0x03801e84                vexDeviceMotorZeroPositionFlagGet
 .text.vexDeviceMotorReverseFlagSet
                0x03801ea8       0x2c C:\Program Files (x86)\VEX Robotics\VEXcode Pro V5\sdk/vexv5\libv5rt.a(v5_apijump.c.obj)
                0x03801ea8                vexDeviceMotorReverseFlagSet
 .text.vexDeviceMotorEncoderUnitsSet
                0x03801ed4       0x2c C:\Program Files (x86)\VEX Robotics\VEXcode Pro V5\sdk/vexv5\libv5rt.a(v5_apijump.c.obj)
                0x03801ed4                vexDeviceMotorEncoderUnitsSet
 .text.vexDeviceMotorBrakeModeSet
                0x03801f00       0x2c C:\Program Files (x86)\VEX Robotics\VEXcode Pro V5\sdk/vexv5\libv5rt.a(v5_apijump.c.obj)
                0x03801f00                vexDeviceMotorBrakeModeSet
 .text.vexDeviceMotorPositionSet
                0x03801f2c       0x34 C:\Program Files (x86)\VEX Robotics\VEXcode Pro V5\sdk/vexv5\libv5rt.a(v5_apijump.c.obj)
                0x03801f2c                vexDeviceMotorPositionSet
 .text.vexDeviceMotorAbsoluteTargetSet
                0x03801f60       0x3c C:\Program Files (x86)\VEX Robotics\VEXcode Pro V5\sdk/vexv5\libv5rt.a(v5_apijump.c.obj)
                0x03801f60                vexDeviceMotorAbsoluteTargetSet
 .text.vexDeviceMotorRelativeTargetSet
                0x03801f9c       0x3c C:\Program Files (x86)\VEX Robotics\VEXcode Pro V5\sdk/vexv5\libv5rt.a(v5_apijump.c.obj)
                0x03801f9c                vexDeviceMotorRelativeTargetSet
 .text.vexDeviceMotorGearingSet
                0x03801fd8       0x2c C:\Program Files (x86)\VEX Robotics\VEXcode Pro V5\sdk/vexv5\libv5rt.a(v5_apijump.c.obj)
                0x03801fd8                vexDeviceMotorGearingSet
 .text.vexDeviceMotorGearingGet
                0x03802004       0x24 C:\Program Files (x86)\VEX Robotics\VEXcode Pro V5\sdk/vexv5\libv5rt.a(v5_apijump.c.obj)
                0x03802004                vexDeviceMotorGearingGet
 .text.vexDeviceVisionModeSet
                0x03802028       0x2c C:\Program Files (x86)\VEX Robotics\VEXcode Pro V5\sdk/vexv5\libv5rt.a(v5_apijump.c.obj)
                0x03802028                vexDeviceVisionModeSet
 .text.vexDeviceVisionObjectCountGet
                0x03802054       0x24 C:\Program Files (x86)\VEX Robotics\VEXcode Pro V5\sdk/vexv5\libv5rt.a(v5_apijump.c.obj)
                0x03802054                vexDeviceVisionObjectCountGet
 .text.vexDeviceVisionObjectGet
                0x03802078       0x34 C:\Program Files (x86)\VEX Robotics\VEXcode Pro V5\sdk/vexv5\libv5rt.a(v5_apijump.c.obj)
                0x03802078                vexDeviceVisionObjectGet
 .text.vexDeviceVisionSignatureSet
                0x038020ac       0x2c C:\Program Files (x86)\VEX Robotics\VEXcode Pro V5\sdk/vexv5\libv5rt.a(v5_apijump.c.obj)
                0x038020ac                vexDeviceVisionSignatureSet
 .text.vexDeviceVisionBrightnessSet
                0x038020d8       0x2c C:\Program Files (x86)\VEX Robotics\VEXcode Pro V5\sdk/vexv5\libv5rt.a(v5_apijump.c.obj)
                0x038020d8                vexDeviceVisionBrightnessSet
 .text.vexDeviceVisionLedModeSet
                0x03802104       0x2c C:\Program Files (x86)\VEX Robotics\VEXcode Pro V5\sdk/vexv5\libv5rt.a(v5_apijump.c.obj)
                0x03802104                vexDeviceVisionLedModeSet
 .text.vexDeviceVisionLedColorSet
                0x03802130       0x30 C:\Program Files (x86)\VEX Robotics\VEXcode Pro V5\sdk/vexv5\libv5rt.a(v5_apijump.c.obj)
                0x03802130                vexDeviceVisionLedColorSet
 .text.vexDeviceImuReset
                0x03802160       0x24 C:\Program Files (x86)\VEX Robotics\VEXcode Pro V5\sdk/vexv5\libv5rt.a(v5_apijump.c.obj)
                0x03802160                vexDeviceImuReset
 .text.vexDeviceImuHeadingGet
                0x03802184       0x24 C:\Program Files (x86)\VEX Robotics\VEXcode Pro V5\sdk/vexv5\libv5rt.a(v5_apijump.c.obj)
                0x03802184                vexDeviceImuHeadingGet
 .text.vexDeviceImuDegreesGet
                0x038021a8       0x24 C:\Program Files (x86)\VEX Robotics\VEXcode Pro V5\sdk/vexv5\libv5rt.a(v5_apijump.c.obj)
                0x038021a8                vexDeviceImuDegreesGet
 .text.vexDeviceImuStatusGet
                0x038021cc       0x24 C:\Program Files (x86)\VEX Robotics\VEXcode Pro V5\sdk/vexv5\libv5rt.a(v5_apijump.c.obj)
                0x038021cc                vexDeviceImuStatusGet
 .text.vexDeviceOpticalHueGet
                0x038021f0       0x24 C:\Program Files (x86)\VEX Robotics\VEXcode Pro V5\sdk/vexv5\libv5rt.a(v5_apijump.c.obj)
                0x038021f0                vexDeviceOpticalHueGet
 .text.vexDeviceOpticalGestureEnable
                0x03802214       0x24 C:\Program Files (x86)\VEX Robotics\VEXcode Pro V5\sdk/vexv5\libv5rt.a(v5_apijump.c.obj)
                0x03802214                vexDeviceOpticalGestureEnable
 .text.vexDeviceOpticalGestureDisable
                0x03802238       0x24 C:\Program Files (x86)\VEX Robotics\VEXcode Pro V5\sdk/vexv5\libv5rt.a(v5_apijump.c.obj)
                0x03802238                vexDeviceOpticalGestureDisable
 .text.vexDeviceOpticalProximityThreshold
                0x0380225c       0x2c C:\Program Files (x86)\VEX Robotics\VEXcode Pro V5\sdk/vexv5\libv5rt.a(v5_apijump.c.obj)
                0x0380225c                vexDeviceOpticalProximityThreshold
 .text.vexDisplayForegroundColor
                0x03802288       0x24 C:\Program Files (x86)\VEX Robotics\VEXcode Pro V5\sdk/vexv5\libv5rt.a(v5_apijump.c.obj)
                0x03802288                vexDisplayForegroundColor
 .text.vexDisplayBackgroundColor
                0x038022ac       0x24 C:\Program Files (x86)\VEX Robotics\VEXcode Pro V5\sdk/vexv5\libv5rt.a(v5_apijump.c.obj)
                0x038022ac                vexDisplayBackgroundColor
 .text.vexDisplayBackgroundColorGet
                0x038022d0       0x1c C:\Program Files (x86)\VEX Robotics\VEXcode Pro V5\sdk/vexv5\libv5rt.a(v5_apijump.c.obj)
                0x038022d0                vexDisplayBackgroundColorGet
 .text.vexDisplayRectClear
                0x038022ec       0x4c C:\Program Files (x86)\VEX Robotics\VEXcode Pro V5\sdk/vexv5\libv5rt.a(v5_apijump.c.obj)
                0x038022ec                vexDisplayRectClear
 .text.vexDisplayVPrintf
                0x03802338       0x50 C:\Program Files (x86)\VEX Robotics\VEXcode Pro V5\sdk/vexv5\libv5rt.a(v5_apijump.c.obj)
                0x03802338                vexDisplayVPrintf
 .text.vexDisplayTextReference
                0x03802388       0x24 C:\Program Files (x86)\VEX Robotics\VEXcode Pro V5\sdk/vexv5\libv5rt.a(v5_apijump.c.obj)
                0x03802388                vexDisplayTextReference
 .text.vexDisplayTextSize
                0x038023ac       0x2c C:\Program Files (x86)\VEX Robotics\VEXcode Pro V5\sdk/vexv5\libv5rt.a(v5_apijump.c.obj)
                0x038023ac                vexDisplayTextSize
 .text.vexDisplayFontNamedSet
                0x038023d8       0x24 C:\Program Files (x86)\VEX Robotics\VEXcode Pro V5\sdk/vexv5\libv5rt.a(v5_apijump.c.obj)
                0x038023d8                vexDisplayFontNamedSet
 .text.vexDisplayStringWidthGet
                0x038023fc       0x24 C:\Program Files (x86)\VEX Robotics\VEXcode Pro V5\sdk/vexv5\libv5rt.a(v5_apijump.c.obj)
                0x038023fc                vexDisplayStringWidthGet
 .text.vexSystemStdlibImpureDataAddr
                0x03802420       0x28 C:\Program Files (x86)\VEX Robotics\VEXcode Pro V5\sdk/vexv5\libv5rt.a(v5_apijump.c.obj)
                0x03802420                vexSystemStdlibImpureDataAddr
 .text.vexSystemStdlibImpureDataSize
                0x03802448       0x28 C:\Program Files (x86)\VEX Robotics\VEXcode Pro V5\sdk/vexv5\libv5rt.a(v5_apijump.c.obj)
                0x03802448                vexSystemStdlibImpureDataSize
 .text.vexSystemSaveUserData
                0x03802470       0x3c C:\Program Files (x86)\VEX Robotics\VEXcode Pro V5\sdk/vexv5\libv5rt.a(v5_apijump.c.obj)
                0x03802470                vexSystemSaveUserData
 .text.vexDisplayThemeIdGet
                0x038024ac       0x38 C:\Program Files (x86)\VEX Robotics\VEXcode Pro V5\sdk/vexv5\libv5rt.a(v5_apijump.c.obj)
                0x038024ac                vexDisplayThemeIdGet
 .text.vexDeviceEventMaskSet
                0x038024e4       0x48 C:\Program Files (x86)\VEX Robotics\VEXcode Pro V5\sdk/vexv5\libv5rt.a(v5_apijump.c.obj)
                0x038024e4                vexDeviceEventMaskSet
 .text.vexDeviceEventMaskGet
                0x0380252c       0x3c C:\Program Files (x86)\VEX Robotics\VEXcode Pro V5\sdk/vexv5\libv5rt.a(v5_apijump.c.obj)
                0x0380252c                vexDeviceEventMaskGet
 .text.vexSystemVersion
                0x03802568       0x10 C:\Program Files (x86)\VEX Robotics\VEXcode Pro V5\sdk/vexv5\libv5rt.a(v5_apiversions.c.obj)
                0x03802568                vexSystemVersion
 .text.vexStdlibVersion
                0x03802578       0x10 C:\Program Files (x86)\VEX Robotics\VEXcode Pro V5\sdk/vexv5\libv5rt.a(v5_apiversions.c.obj)
                0x03802578                vexStdlibVersion
 .text._ZN3vex4waitEdNS_9timeUnitsE
                0x03802588       0x30 C:\Program Files (x86)\VEX Robotics\VEXcode Pro V5\sdk/vexv5\libv5rt.a(vex_global.cpp.obj)
                0x03802588                vex::wait(double, vex::timeUnits)
 .text._ZN3vex5motorD2Ev
                0x038025b8       0x20 C:\Program Files (x86)\VEX Robotics\VEXcode Pro V5\sdk/vexv5\libv5rt.a(vex_motor.cpp.obj)
                0x038025b8                vex::motor::~motor()
                0x038025b8                vex::motor::~motor()
 .text._ZN3vex5motorD0Ev
                0x038025d8       0x1c C:\Program Files (x86)\VEX Robotics\VEXcode Pro V5\sdk/vexv5\libv5rt.a(vex_motor.cpp.obj)
                0x038025d8                vex::motor::~motor()
 .text._ZN3vex5motor9installedEv
                0x038025f4       0x18 C:\Program Files (x86)\VEX Robotics\VEXcode Pro V5\sdk/vexv5\libv5rt.a(vex_motor.cpp.obj)
                0x038025f4                vex::motor::installed()
 .text._ZN3vex5motor15defaultStoppingENS_9brakeTypeE
                0x0380260c       0x30 C:\Program Files (x86)\VEX Robotics\VEXcode Pro V5\sdk/vexv5\libv5rt.a(vex_motor.cpp.obj)
                0x0380260c                vex::motor::defaultStopping(vex::brakeType)
 .text._ZN3vex5motor8setBrakeENS_9brakeTypeE
                0x0380263c        0x4 C:\Program Files (x86)\VEX Robotics\VEXcode Pro V5\sdk/vexv5\libv5rt.a(vex_motor.cpp.obj)
                0x0380263c                vex::motor::setBrake(vex::brakeType)
 .text._ZN3vex5motorC2El
                0x03802640       0x78 C:\Program Files (x86)\VEX Robotics\VEXcode Pro V5\sdk/vexv5\libv5rt.a(vex_motor.cpp.obj)
                0x03802640                vex::motor::motor(long)
                0x03802640                vex::motor::motor(long)
 .text._ZN3vex5motorC2ElNS_11gearSettingEb
                0x038026b8       0x34 C:\Program Files (x86)\VEX Robotics\VEXcode Pro V5\sdk/vexv5\libv5rt.a(vex_motor.cpp.obj)
                0x038026b8                vex::motor::motor(long, vex::gearSetting, bool)
                0x038026b8                vex::motor::motor(long, vex::gearSetting, bool)
 .text._ZN3vex5motor14isSpinningModeEv
                0x038026ec       0x48 C:\Program Files (x86)\VEX Robotics\VEXcode Pro V5\sdk/vexv5\libv5rt.a(vex_motor.cpp.obj)
                0x038026ec                vex::motor::isSpinningMode()
 .text._ZN3vex5motor10isSpinningEv
                0x03802734       0x44 C:\Program Files (x86)\VEX Robotics\VEXcode Pro V5\sdk/vexv5\libv5rt.a(vex_motor.cpp.obj)
                0x03802734                vex::motor::isSpinning()
 .text._ZN3vex5motor4stopENS_9brakeTypeE
                0x03802778       0x30 C:\Program Files (x86)\VEX Robotics\VEXcode Pro V5\sdk/vexv5\libv5rt.a(vex_motor.cpp.obj)
                0x03802778                vex::motor::stop(vex::brakeType)
 .text._ZN3vex5motor4stopEv
                0x038027a8        0x8 C:\Program Files (x86)\VEX Robotics\VEXcode Pro V5\sdk/vexv5\libv5rt.a(vex_motor.cpp.obj)
                0x038027a8                vex::motor::stop()
 .text._ZN3vex5motor16velocityToScaledEdNS_13velocityUnitsE
                0x038027b0       0x5c C:\Program Files (x86)\VEX Robotics\VEXcode Pro V5\sdk/vexv5\libv5rt.a(vex_motor.cpp.obj)
                0x038027b0                vex::motor::velocityToScaled(double, vex::velocityUnits)
 .text._ZN3vex5motor8velocityENS_13velocityUnitsE
                0x0380280c       0x30 C:\Program Files (x86)\VEX Robotics\VEXcode Pro V5\sdk/vexv5\libv5rt.a(vex_motor.cpp.obj)
                0x0380280c                vex::motor::velocity(vex::velocityUnits)
 .text._ZN3vex5motor5valueEv
                0x0380283c       0x1c C:\Program Files (x86)\VEX Robotics\VEXcode Pro V5\sdk/vexv5\libv5rt.a(vex_motor.cpp.obj)
                0x0380283c                vex::motor::value()
 .text._ZN3vex5motor16scaledToVelocityEdNS_13velocityUnitsE
                0x03802858       0xa4 C:\Program Files (x86)\VEX Robotics\VEXcode Pro V5\sdk/vexv5\libv5rt.a(vex_motor.cpp.obj)
                0x03802858                vex::motor::scaledToVelocity(double, vex::velocityUnits)
 .text._ZN3vex5motor4spinENS_13directionTypeEdNS_13velocityUnitsE
                0x038028fc       0x5c C:\Program Files (x86)\VEX Robotics\VEXcode Pro V5\sdk/vexv5\libv5rt.a(vex_motor.cpp.obj)
                0x038028fc                vex::motor::spin(vex::directionType, double, vex::velocityUnits)
 .text._ZN3vex5motor4spinENS_13directionTypeE
                0x03802958       0x28 C:\Program Files (x86)\VEX Robotics\VEXcode Pro V5\sdk/vexv5\libv5rt.a(vex_motor.cpp.obj)
                0x03802958                vex::motor::spin(vex::directionType)
 .text._ZN3vex5motor9rotateForEdNS_9timeUnitsEdNS_13velocityUnitsE
                0x03802980       0x78 C:\Program Files (x86)\VEX Robotics\VEXcode Pro V5\sdk/vexv5\libv5rt.a(vex_motor.cpp.obj)
                0x03802980                vex::motor::rotateFor(double, vex::timeUnits, double, vex::velocityUnits)
 .text._ZN3vex5motor7spinForENS_13directionTypeEdNS_9timeUnitsEdNS_13velocityUnitsE
                0x038029f8       0x2c C:\Program Files (x86)\VEX Robotics\VEXcode Pro V5\sdk/vexv5\libv5rt.a(vex_motor.cpp.obj)
                0x038029f8                vex::motor::spinFor(vex::directionType, double, vex::timeUnits, double, vex::velocityUnits)
 .text._ZN3vex5motor9rotateForENS_13directionTypeEdNS_9timeUnitsE
                0x03802a24       0x44 C:\Program Files (x86)\VEX Robotics\VEXcode Pro V5\sdk/vexv5\libv5rt.a(vex_motor.cpp.obj)
                0x03802a24                vex::motor::rotateFor(vex::directionType, double, vex::timeUnits)
 .text._ZN3vex5motor7spinForENS_13directionTypeEdNS_9timeUnitsE
                0x03802a68       0x44 C:\Program Files (x86)\VEX Robotics\VEXcode Pro V5\sdk/vexv5\libv5rt.a(vex_motor.cpp.obj)
                0x03802a68                vex::motor::spinFor(vex::directionType, double, vex::timeUnits)
 .text._ZN3vex5motor11setVelocityEdNS_13velocityUnitsE
                0x03802aac       0x54 C:\Program Files (x86)\VEX Robotics\VEXcode Pro V5\sdk/vexv5\libv5rt.a(vex_motor.cpp.obj)
                0x03802aac                vex::motor::setVelocity(double, vex::velocityUnits)
 .text._ZN3vex5motor16setRotationUnitsENS_13rotationUnitsE
                0x03802b00       0x1c C:\Program Files (x86)\VEX Robotics\VEXcode Pro V5\sdk/vexv5\libv5rt.a(vex_motor.cpp.obj)
                0x03802b00                vex::motor::setRotationUnits(vex::rotationUnits)
 .text._ZN3vex5motor8rotateToEdNS_13rotationUnitsEdNS_13velocityUnitsEb
                0x03802b1c       0xe0 C:\Program Files (x86)\VEX Robotics\VEXcode Pro V5\sdk/vexv5\libv5rt.a(vex_motor.cpp.obj)
                0x03802b1c                vex::motor::rotateTo(double, vex::rotationUnits, double, vex::velocityUnits, bool)
 .text._ZN3vex5motor6spinToEdNS_13rotationUnitsEb
                0x03802bfc       0x34 C:\Program Files (x86)\VEX Robotics\VEXcode Pro V5\sdk/vexv5\libv5rt.a(vex_motor.cpp.obj)
                0x03802bfc                vex::motor::spinTo(double, vex::rotationUnits, bool)
 .text._ZN3vex5motor9rotateForEdNS_13rotationUnitsEdNS_13velocityUnitsEb
                0x03802c30       0xf4 C:\Program Files (x86)\VEX Robotics\VEXcode Pro V5\sdk/vexv5\libv5rt.a(vex_motor.cpp.obj)
                0x03802c30                vex::motor::rotateFor(double, vex::rotationUnits, double, vex::velocityUnits, bool)
 .text._ZN3vex5motor9rotateForENS_13directionTypeEdNS_13rotationUnitsEdNS_13velocityUnitsEb
                0x03802d24       0x34 C:\Program Files (x86)\VEX Robotics\VEXcode Pro V5\sdk/vexv5\libv5rt.a(vex_motor.cpp.obj)
                0x03802d24                vex::motor::rotateFor(vex::directionType, double, vex::rotationUnits, double, vex::velocityUnits, bool)
 .text._ZN3vex5motor7spinForENS_13directionTypeEdNS_13rotationUnitsEb
                0x03802d58       0x3c C:\Program Files (x86)\VEX Robotics\VEXcode Pro V5\sdk/vexv5\libv5rt.a(vex_motor.cpp.obj)
                0x03802d58                vex::motor::spinFor(vex::directionType, double, vex::rotationUnits, bool)
 .text._ZN3vex6vision9installedEv
                0x03802d94       0x18 C:\Program Files (x86)\VEX Robotics\VEXcode Pro V5\sdk/vexv5\libv5rt.a(vex_vision.cpp.obj)
                0x03802d94                vex::vision::installed()
 .text._ZN3vex6visionD2Ev
                0x03802dac       0x38 C:\Program Files (x86)\VEX Robotics\VEXcode Pro V5\sdk/vexv5\libv5rt.a(vex_vision.cpp.obj)
                0x03802dac                vex::vision::~vision()
                0x03802dac                vex::vision::~vision()
 .text._ZN3vex6visionD0Ev
                0x03802de4       0x1c C:\Program Files (x86)\VEX Robotics\VEXcode Pro V5\sdk/vexv5\libv5rt.a(vex_vision.cpp.obj)
                0x03802de4                vex::vision::~vision()
 .text._ZN3vex6vision12setSignatureERNS0_9signatureE
                0x03802e00       0x70 C:\Program Files (x86)\VEX Robotics\VEXcode Pro V5\sdk/vexv5\libv5rt.a(vex_vision.cpp.obj)
                0x03802e00                vex::vision::setSignature(vex::vision::signature&)
 .text._ZN3vex6vision7setModeENS0_13detectionModeE
                0x03802e70       0x18 C:\Program Files (x86)\VEX Robotics\VEXcode Pro V5\sdk/vexv5\libv5rt.a(vex_vision.cpp.obj)
                0x03802e70                vex::vision::setMode(vex::vision::detectionMode)
 .text._ZN3vex6vision13setBrightnessEh
                0x03802e88       0x30 C:\Program Files (x86)\VEX Robotics\VEXcode Pro V5\sdk/vexv5\libv5rt.a(vex_vision.cpp.obj)
                0x03802e88                vex::vision::setBrightness(unsigned char)
 .text._ZN3vex6vision10setLedModeENS0_7ledModeE
                0x03802eb8       0x18 C:\Program Files (x86)\VEX Robotics\VEXcode Pro V5\sdk/vexv5\libv5rt.a(vex_vision.cpp.obj)
                0x03802eb8                vex::vision::setLedMode(vex::vision::ledMode)
 .text._ZN3vex6vision11setLedColorEhhh
                0x03802ed0       0x30 C:\Program Files (x86)\VEX Robotics\VEXcode Pro V5\sdk/vexv5\libv5rt.a(vex_vision.cpp.obj)
                0x03802ed0                vex::vision::setLedColor(unsigned char, unsigned char, unsigned char)
 .text._ZN3vex6vision9signatureD2Ev
                0x03802f00        0x4 C:\Program Files (x86)\VEX Robotics\VEXcode Pro V5\sdk/vexv5\libv5rt.a(vex_vision.cpp.obj)
                0x03802f00                vex::vision::signature::~signature()
                0x03802f00                vex::vision::signature::~signature()
 .text._ZN3vex6vision9signature5clearEv
                0x03802f04       0x38 C:\Program Files (x86)\VEX Robotics\VEXcode Pro V5\sdk/vexv5\libv5rt.a(vex_vision.cpp.obj)
                0x03802f04                vex::vision::signature::clear()
 .text._ZN3vex6vision9signatureC2Ev
                0x03802f3c       0x60 C:\Program Files (x86)\VEX Robotics\VEXcode Pro V5\sdk/vexv5\libv5rt.a(vex_vision.cpp.obj)
                0x03802f3c                vex::vision::signature::signature()
                0x03802f3c                vex::vision::signature::signature()
 .text._ZN3vex6vision9signatureC2Elllllllfl
                0x03802f9c       0x5c C:\Program Files (x86)\VEX Robotics\VEXcode Pro V5\sdk/vexv5\libv5rt.a(vex_vision.cpp.obj)
                0x03802f9c                vex::vision::signature::signature(long, long, long, long, long, long, long, float, long)
                0x03802f9c                vex::vision::signature::signature(long, long, long, long, long, long, long, float, long)
 .text._ZN3vex6vision6object3setE22_V5_DeviceVisionObject
                0x03802ff8       0x78 C:\Program Files (x86)\VEX Robotics\VEXcode Pro V5\sdk/vexv5\libv5rt.a(vex_vision.cpp.obj)
                0x03802ff8                vex::vision::object::set(_V5_DeviceVisionObject)
 .text._ZN3vex6vision6object5clearEv
                0x03803070       0x38 C:\Program Files (x86)\VEX Robotics\VEXcode Pro V5\sdk/vexv5\libv5rt.a(vex_vision.cpp.obj)
                0x03803070                vex::vision::object::clear()
 .text._ZN3vex6vision6objectC2Ev
                0x038030a8       0x58 C:\Program Files (x86)\VEX Robotics\VEXcode Pro V5\sdk/vexv5\libv5rt.a(vex_vision.cpp.obj)
                0x038030a8                vex::vision::object::object()
                0x038030a8                vex::vision::object::object()
 .text._ZN3vex6vision13_clearObjectsEv
                0x03803100       0x40 C:\Program Files (x86)\VEX Robotics\VEXcode Pro V5\sdk/vexv5\libv5rt.a(vex_vision.cpp.obj)
                0x03803100                vex::vision::_clearObjects()
 .text._ZN3vex6vision6objectaSERKS1_
                0x03803140       0x74 C:\Program Files (x86)\VEX Robotics\VEXcode Pro V5\sdk/vexv5\libv5rt.a(vex_vision.cpp.obj)
                0x03803140                vex::vision::object::operator=(vex::vision::object const&)
 .text._ZN3vex6vision12takeSnapshotEmm
                0x038031b4       0xf4 C:\Program Files (x86)\VEX Robotics\VEXcode Pro V5\sdk/vexv5\libv5rt.a(vex_vision.cpp.obj)
                0x038031b4                vex::vision::takeSnapshot(unsigned long, unsigned long)
 .text._ZN3vex6vision12takeSnapshotEm
                0x038032a8        0x8 C:\Program Files (x86)\VEX Robotics\VEXcode Pro V5\sdk/vexv5\libv5rt.a(vex_vision.cpp.obj)
                0x038032a8                vex::vision::takeSnapshot(unsigned long)
 .text._ZN3vex6vision5valueEv
                0x038032b0        0x8 C:\Program Files (x86)\VEX Robotics\VEXcode Pro V5\sdk/vexv5\libv5rt.a(vex_vision.cpp.obj)
                0x038032b0                vex::vision::value()
 .text._ZN3vex6vision12takeSnapshotERNS0_9signatureE
                0x038032b8       0x10 C:\Program Files (x86)\VEX Robotics\VEXcode Pro V5\sdk/vexv5\libv5rt.a(vex_vision.cpp.obj)
                0x038032b8                vex::vision::takeSnapshot(vex::vision::signature&)
 .text._ZN3vex6vision6objectaSEl
                0x038032c8       0x38 C:\Program Files (x86)\VEX Robotics\VEXcode Pro V5\sdk/vexv5\libv5rt.a(vex_vision.cpp.obj)
                0x038032c8                vex::vision::object::operator=(long)
 .text._ZN3vex6visionC2El
                0x03803300       0xa4 C:\Program Files (x86)\VEX Robotics\VEXcode Pro V5\sdk/vexv5\libv5rt.a(vex_vision.cpp.obj)
                0x03803300                vex::vision::vision(long)
                0x03803300                vex::vision::vision(long)
 .text._ZN3vex8inertial11getTurnTypeEv
                0x038033a4        0x8 C:\Program Files (x86)\VEX Robotics\VEXcode Pro V5\sdk/vexv5\libv5rt.a(vex_imu.cpp.obj)
                0x038033a4                vex::inertial::getTurnType()
 .text._ZThn16_N3vex8inertial11getTurnTypeEv
                0x038033ac        0x8 C:\Program Files (x86)\VEX Robotics\VEXcode Pro V5\sdk/vexv5\libv5rt.a(vex_imu.cpp.obj)
                0x038033ac                non-virtual thunk to vex::inertial::getTurnType()
 *fill*         0x038033b4        0x4 
 .text._ZN3vex8inertial10setHeadingEdNS_13rotationUnitsE
                0x038033b8       0x58 C:\Program Files (x86)\VEX Robotics\VEXcode Pro V5\sdk/vexv5\libv5rt.a(vex_imu.cpp.obj)
                0x038033b8                vex::inertial::setHeading(double, vex::rotationUnits)
 .text._ZThn16_N3vex8inertial10setHeadingEdNS_13rotationUnitsE
                0x03803410        0x8 C:\Program Files (x86)\VEX Robotics\VEXcode Pro V5\sdk/vexv5\libv5rt.a(vex_imu.cpp.obj)
                0x03803410                non-virtual thunk to vex::inertial::setHeading(double, vex::rotationUnits)
 .text._ZN3vex8inertial11setRotationEdNS_13rotationUnitsE
                0x03803418       0x58 C:\Program Files (x86)\VEX Robotics\VEXcode Pro V5\sdk/vexv5\libv5rt.a(vex_imu.cpp.obj)
                0x03803418                vex::inertial::setRotation(double, vex::rotationUnits)
 .text._ZThn16_N3vex8inertial11setRotationEdNS_13rotationUnitsE
                0x03803470        0x8 C:\Program Files (x86)\VEX Robotics\VEXcode Pro V5\sdk/vexv5\libv5rt.a(vex_imu.cpp.obj)
                0x03803470                non-virtual thunk to vex::inertial::setRotation(double, vex::rotationUnits)
 .text._ZN3vex8inertialD2Ev
                0x03803478       0x20 C:\Program Files (x86)\VEX Robotics\VEXcode Pro V5\sdk/vexv5\libv5rt.a(vex_imu.cpp.obj)
                0x03803478                vex::inertial::~inertial()
                0x03803478                vex::inertial::~inertial()
 .text._ZThn16_N3vex8inertialD1Ev
                0x03803498        0x8 C:\Program Files (x86)\VEX Robotics\VEXcode Pro V5\sdk/vexv5\libv5rt.a(vex_imu.cpp.obj)
                0x03803498                non-virtual thunk to vex::inertial::~inertial()
 .text._ZN3vex8inertialD0Ev
                0x038034a0       0x1c C:\Program Files (x86)\VEX Robotics\VEXcode Pro V5\sdk/vexv5\libv5rt.a(vex_imu.cpp.obj)
                0x038034a0                vex::inertial::~inertial()
 .text._ZThn16_N3vex8inertialD0Ev
                0x038034bc        0x8 C:\Program Files (x86)\VEX Robotics\VEXcode Pro V5\sdk/vexv5\libv5rt.a(vex_imu.cpp.obj)
                0x038034bc                non-virtual thunk to vex::inertial::~inertial()
 .text._ZN3vex8inertial9installedEv
                0x038034c4       0x18 C:\Program Files (x86)\VEX Robotics\VEXcode Pro V5\sdk/vexv5\libv5rt.a(vex_imu.cpp.obj)
                0x038034c4                vex::inertial::installed()
 .text._ZN3vex8inertial5angleENS_13rotationUnitsE
                0x038034dc       0x6c C:\Program Files (x86)\VEX Robotics\VEXcode Pro V5\sdk/vexv5\libv5rt.a(vex_imu.cpp.obj)
                0x038034dc                vex::inertial::angle(vex::rotationUnits)
 .text._ZThn16_N3vex8inertial5angleENS_13rotationUnitsE
                0x03803548        0x8 C:\Program Files (x86)\VEX Robotics\VEXcode Pro V5\sdk/vexv5\libv5rt.a(vex_imu.cpp.obj)
                0x03803548                non-virtual thunk to vex::inertial::angle(vex::rotationUnits)
 .text._ZN3vex8inertial7headingENS_13rotationUnitsE
                0x03803550        0x4 C:\Program Files (x86)\VEX Robotics\VEXcode Pro V5\sdk/vexv5\libv5rt.a(vex_imu.cpp.obj)
                0x03803550                vex::inertial::heading(vex::rotationUnits)
 .text._ZThn16_N3vex8inertial7headingENS_13rotationUnitsE
                0x03803554        0x8 C:\Program Files (x86)\VEX Robotics\VEXcode Pro V5\sdk/vexv5\libv5rt.a(vex_imu.cpp.obj)
                0x03803554                non-virtual thunk to vex::inertial::heading(vex::rotationUnits)
 .text._ZN3vex8inertial5valueEv
                0x0380355c       0x1c C:\Program Files (x86)\VEX Robotics\VEXcode Pro V5\sdk/vexv5\libv5rt.a(vex_imu.cpp.obj)
                0x0380355c                vex::inertial::value()
 .text._ZN3vex8inertial8rotationENS_13rotationUnitsE
                0x03803578       0x48 C:\Program Files (x86)\VEX Robotics\VEXcode Pro V5\sdk/vexv5\libv5rt.a(vex_imu.cpp.obj)
                0x03803578                vex::inertial::rotation(vex::rotationUnits)
 .text._ZThn16_N3vex8inertial8rotationENS_13rotationUnitsE
                0x038035c0        0x8 C:\Program Files (x86)\VEX Robotics\VEXcode Pro V5\sdk/vexv5\libv5rt.a(vex_imu.cpp.obj)
                0x038035c0                non-virtual thunk to vex::inertial::rotation(vex::rotationUnits)
 .text._ZN3vex8inertial13isCalibratingEv
                0x038035c8       0x38 C:\Program Files (x86)\VEX Robotics\VEXcode Pro V5\sdk/vexv5\libv5rt.a(vex_imu.cpp.obj)
                0x038035c8                vex::inertial::isCalibrating()
 .text._ZThn16_N3vex8inertial13isCalibratingEv
                0x03803600        0x8 C:\Program Files (x86)\VEX Robotics\VEXcode Pro V5\sdk/vexv5\libv5rt.a(vex_imu.cpp.obj)
                0x03803600                non-virtual thunk to vex::inertial::isCalibrating()
 .text._ZN3vex8inertialC2ElNS_8turnTypeE
                0x03803608       0x4c C:\Program Files (x86)\VEX Robotics\VEXcode Pro V5\sdk/vexv5\libv5rt.a(vex_imu.cpp.obj)
                0x03803608                vex::inertial::inertial(long, vex::turnType)
                0x03803608                vex::inertial::inertial(long, vex::turnType)
 .text._ZN3vex8inertial16startCalibrationEl
                0x03803654       0x20 C:\Program Files (x86)\VEX Robotics\VEXcode Pro V5\sdk/vexv5\libv5rt.a(vex_imu.cpp.obj)
                0x03803654                vex::inertial::startCalibration(long)
 .text._ZN3vex8inertial9calibrateEl
                0x03803674        0xc C:\Program Files (x86)\VEX Robotics\VEXcode Pro V5\sdk/vexv5\libv5rt.a(vex_imu.cpp.obj)
                0x03803674                vex::inertial::calibrate(long)
                0x03803678                non-virtual thunk to vex::inertial::calibrate(long)
 .text._ZN3vex7opticalD2Ev
                0x03803680       0x20 C:\Program Files (x86)\VEX Robotics\VEXcode Pro V5\sdk/vexv5\libv5rt.a(vex_optical.cpp.obj)
                0x03803680                vex::optical::~optical()
                0x03803680                vex::optical::~optical()
 .text._ZN3vex7opticalD0Ev
                0x038036a0       0x1c C:\Program Files (x86)\VEX Robotics\VEXcode Pro V5\sdk/vexv5\libv5rt.a(vex_optical.cpp.obj)
                0x038036a0                vex::optical::~optical()
 .text._ZN3vex7optical9installedEv
                0x038036bc       0x18 C:\Program Files (x86)\VEX Robotics\VEXcode Pro V5\sdk/vexv5\libv5rt.a(vex_optical.cpp.obj)
                0x038036bc                vex::optical::installed()
 .text._ZN3vex7optical3hueEv
                0x038036d4        0x8 C:\Program Files (x86)\VEX Robotics\VEXcode Pro V5\sdk/vexv5\libv5rt.a(vex_optical.cpp.obj)
                0x038036d4                vex::optical::hue()
 .text._ZN3vex7optical5valueEv
                0x038036dc       0x18 C:\Program Files (x86)\VEX Robotics\VEXcode Pro V5\sdk/vexv5\libv5rt.a(vex_optical.cpp.obj)
                0x038036dc                vex::optical::value()
 .text._ZN3vex7optical13gestureEnableEv
                0x038036f4        0x8 C:\Program Files (x86)\VEX Robotics\VEXcode Pro V5\sdk/vexv5\libv5rt.a(vex_optical.cpp.obj)
                0x038036f4                vex::optical::gestureEnable()
 .text._ZN3vex7optical14gestureDisableEv
                0x038036fc        0x8 C:\Program Files (x86)\VEX Robotics\VEXcode Pro V5\sdk/vexv5\libv5rt.a(vex_optical.cpp.obj)
                0x038036fc                vex::optical::gestureDisable()
 .text._ZN3vex7opticalC2Elb
                0x03803704       0x54 C:\Program Files (x86)\VEX Robotics\VEXcode Pro V5\sdk/vexv5\libv5rt.a(vex_optical.cpp.obj)
                0x03803704                vex::optical::optical(long, bool)
                0x03803704                vex::optical::optical(long, bool)
 .text._ZN3vex10controllerD2Ev
                0x03803758        0x4 C:\Program Files (x86)\VEX Robotics\VEXcode Pro V5\sdk/vexv5\libv5rt.a(vex_controller.cpp.obj)
                0x03803758                vex::controller::~controller()
                0x03803758                vex::controller::~controller()
 .text._ZN3vex10controller5valueE19_V5_ControllerIndex
                0x0380375c        0x8 C:\Program Files (x86)\VEX Robotics\VEXcode Pro V5\sdk/vexv5\libv5rt.a(vex_controller.cpp.obj)
                0x0380375c                vex::controller::value(_V5_ControllerIndex)
 .text._ZNK3vex10controller6button8pressingEv
                0x03803764       0xc8 C:\Program Files (x86)\VEX Robotics\VEXcode Pro V5\sdk/vexv5\libv5rt.a(vex_controller.cpp.obj)
                0x03803764                vex::controller::button::pressing() const
 .text._ZNK3vex10controller6button21_buttonToPressedEventEv
                0x0380382c       0x20 C:\Program Files (x86)\VEX Robotics\VEXcode Pro V5\sdk/vexv5\libv5rt.a(vex_controller.cpp.obj)
                0x0380382c                vex::controller::button::_buttonToPressedEvent() const
 .text._ZNK3vex10controller6button22_buttonToReleasedEventEv
                0x0380384c       0x20 C:\Program Files (x86)\VEX Robotics\VEXcode Pro V5\sdk/vexv5\libv5rt.a(vex_controller.cpp.obj)
                0x0380384c                vex::controller::button::_buttonToReleasedEvent() const
 .text._ZN3vex10controller6buttonC2ENS0_11tButtonTypeEPS0_
                0x0380386c       0x48 C:\Program Files (x86)\VEX Robotics\VEXcode Pro V5\sdk/vexv5\libv5rt.a(vex_controller.cpp.obj)
                0x0380386c                vex::controller::button::button(vex::controller::tButtonType, vex::controller*)
                0x0380386c                vex::controller::button::button(vex::controller::tButtonType, vex::controller*)
 .text._ZNK3vex10controller4axis5valueEv
                0x038038b4       0x58 C:\Program Files (x86)\VEX Robotics\VEXcode Pro V5\sdk/vexv5\libv5rt.a(vex_controller.cpp.obj)
                0x038038b4                vex::controller::axis::value() const
 .text._ZNK3vex10controller4axis8positionENS_12percentUnitsE
                0x0380390c       0x1c C:\Program Files (x86)\VEX Robotics\VEXcode Pro V5\sdk/vexv5\libv5rt.a(vex_controller.cpp.obj)
                0x0380390c                vex::controller::axis::position(vex::percentUnits) const
 .text._ZNK3vex10controller4axis23_joystickToChangedEventEv
                0x03803928       0x20 C:\Program Files (x86)\VEX Robotics\VEXcode Pro V5\sdk/vexv5\libv5rt.a(vex_controller.cpp.obj)
                0x03803928                vex::controller::axis::_joystickToChangedEvent() const
 .text._ZN3vex10controller4axisC2ENS0_9tAxisTypeEPS0_
                0x03803948       0x2c C:\Program Files (x86)\VEX Robotics\VEXcode Pro V5\sdk/vexv5\libv5rt.a(vex_controller.cpp.obj)
                0x03803948                vex::controller::axis::axis(vex::controller::tAxisType, vex::controller*)
                0x03803948                vex::controller::axis::axis(vex::controller::tAxisType, vex::controller*)
 .text._ZN3vex10controllerC2ENS_14controllerTypeE
                0x03803974      0x16c C:\Program Files (x86)\VEX Robotics\VEXcode Pro V5\sdk/vexv5\libv5rt.a(vex_controller.cpp.obj)
                0x03803974                vex::controller::controller(vex::controllerType)
                0x03803974                vex::controller::controller(vex::controllerType)
 .text._ZN3vex4taskC2EPFivE
                0x03803ae0       0x5c C:\Program Files (x86)\VEX Robotics\VEXcode Pro V5\sdk/vexv5\libv5rt.a(vex_task.cpp.obj)
                0x03803ae0                vex::task::task(int (*)())
                0x03803ae0                vex::task::task(int (*)())
 .text._ZN3vex4taskD2Ev
                0x03803b3c        0x4 C:\Program Files (x86)\VEX Robotics\VEXcode Pro V5\sdk/vexv5\libv5rt.a(vex_task.cpp.obj)
                0x03803b3c                vex::task::~task()
                0x03803b3c                vex::task::~task()
 .text._ZN3vex4task4stopEPvi
                0x03803b40       0x1c C:\Program Files (x86)\VEX Robotics\VEXcode Pro V5\sdk/vexv5\libv5rt.a(vex_task.cpp.obj)
                0x03803b40                vex::task::stop(void*, int)
 .text._ZN3vex4task5sleepEm
                0x03803b5c        0x4 C:\Program Files (x86)\VEX Robotics\VEXcode Pro V5\sdk/vexv5\libv5rt.a(vex_task.cpp.obj)
                0x03803b5c                vex::task::sleep(unsigned long)
 .text._ZN3vex4task5yieldEv
                0x03803b60        0x4 C:\Program Files (x86)\VEX Robotics\VEXcode Pro V5\sdk/vexv5\libv5rt.a(vex_task.cpp.obj)
                0x03803b60                vex::task::yield()
 .text._ZN3vex4task6_indexEPFivE
                0x03803b64       0x14 C:\Program Files (x86)\VEX Robotics\VEXcode Pro V5\sdk/vexv5\libv5rt.a(vex_task.cpp.obj)
                0x03803b64                vex::task::_index(int (*)())
 .text._ZN3vex4task8_stopAllEv
                0x03803b78       0x3c C:\Program Files (x86)\VEX Robotics\VEXcode Pro V5\sdk/vexv5\libv5rt.a(vex_task.cpp.obj)
                0x03803b78                vex::task::_stopAll()
 .text._ZN3vex11this_thread9sleep_forEm
                0x03803bb4        0x4 C:\Program Files (x86)\VEX Robotics\VEXcode Pro V5\sdk/vexv5\libv5rt.a(vex_thread.cpp.obj)
                0x03803bb4                vex::this_thread::sleep_for(unsigned long)
 .text._ZN3vex5event4initEmmPFvvE
                0x03803bb8        0x4 C:\Program Files (x86)\VEX Robotics\VEXcode Pro V5\sdk/vexv5\libv5rt.a(vex_event.cpp.obj)
                0x03803bb8                vex::event::init(unsigned long, unsigned long, void (*)())
 .text._ZN3vex5event4initEmmPFvPvES1_
                0x03803bbc        0x4 C:\Program Files (x86)\VEX Robotics\VEXcode Pro V5\sdk/vexv5\libv5rt.a(vex_event.cpp.obj)
                0x03803bbc                vex::event::init(unsigned long, unsigned long, void (*)(void*), void*)
 .text._ZN3vex5event9userindexEv
                0x03803bc0        0x4 C:\Program Files (x86)\VEX Robotics\VEXcode Pro V5\sdk/vexv5\libv5rt.a(vex_event.cpp.obj)
                0x03803bc0                vex::event::userindex()
 .text._ZZN3vex6meventC4EmmENUlvE_4_FUNEv
                0x03803bc4        0x4 C:\Program Files (x86)\VEX Robotics\VEXcode Pro V5\sdk/vexv5\libv5rt.a(vex_mevent.cpp.obj)
 .text._ZN3vex6meventC2Emm
                0x03803bc8       0x70 C:\Program Files (x86)\VEX Robotics\VEXcode Pro V5\sdk/vexv5\libv5rt.a(vex_mevent.cpp.obj)
                0x03803bc8                vex::mevent::mevent(unsigned long, unsigned long)
                0x03803bc8                vex::mevent::mevent(unsigned long, unsigned long)
 .text._ZN3vex5brain9_getIndexEv
                0x03803c38       0x10 C:\Program Files (x86)\VEX Robotics\VEXcode Pro V5\sdk/vexv5\libv5rt.a(vex_brain.cpp.obj)
                0x03803c38                vex::brain::_getIndex()
 .text._ZN3vex5brain3lcd9setCursorEll
                0x03803c48       0x44 C:\Program Files (x86)\VEX Robotics\VEXcode Pro V5\sdk/vexv5\libv5rt.a(vex_brain.cpp.obj)
                0x03803c48                vex::brain::lcd::setCursor(long, long)
 .text._ZN3vex5brain3lcd7setFontENS_8fontTypeE
                0x03803c8c      0x23c C:\Program Files (x86)\VEX Robotics\VEXcode Pro V5\sdk/vexv5\libv5rt.a(vex_brain.cpp.obj)
                0x03803c8c                vex::brain::lcd::setFont(vex::fontType)
 .text._ZN3vex5brain3lcdC2Ev
                0x03803ec8       0x94 C:\Program Files (x86)\VEX Robotics\VEXcode Pro V5\sdk/vexv5\libv5rt.a(vex_brain.cpp.obj)
                0x03803ec8                vex::brain::lcd::lcd()
                0x03803ec8                vex::brain::lcd::lcd()
 .text._ZN3vex5brainC2Ev
                0x03803f5c       0x3c C:\Program Files (x86)\VEX Robotics\VEXcode Pro V5\sdk/vexv5\libv5rt.a(vex_brain.cpp.obj)
                0x03803f5c                vex::brain::brain()
                0x03803f5c                vex::brain::brain()
 .text._ZN3vex5brain3lcd12_clearScreenEm
                0x03803f98       0x38 C:\Program Files (x86)\VEX Robotics\VEXcode Pro V5\sdk/vexv5\libv5rt.a(vex_brain.cpp.obj)
                0x03803f98                vex::brain::lcd::_clearScreen(unsigned long)
 .text._ZN3vex5brain3lcd11clearScreenERKNS_5colorE
                0x03803fd0       0x20 C:\Program Files (x86)\VEX Robotics\VEXcode Pro V5\sdk/vexv5\libv5rt.a(vex_brain.cpp.obj)
                0x03803fd0                vex::brain::lcd::clearScreen(vex::color const&)
 .text._ZN3vex5brain3lcd11clearScreenEv
                0x03803ff0       0x2c C:\Program Files (x86)\VEX Robotics\VEXcode Pro V5\sdk/vexv5\libv5rt.a(vex_brain.cpp.obj)
                0x03803ff0                vex::brain::lcd::clearScreen()
 .text._ZN3vex5brain3lcd10rowToPixelEl
                0x0380401c       0x34 C:\Program Files (x86)\VEX Robotics\VEXcode Pro V5\sdk/vexv5\libv5rt.a(vex_brain.cpp.obj)
                0x0380401c                vex::brain::lcd::rowToPixel(long)
 .text._ZN3vex5brain3lcd5printEPKcz
                0x03804050       0xb8 C:\Program Files (x86)\VEX Robotics\VEXcode Pro V5\sdk/vexv5\libv5rt.a(vex_brain.cpp.obj)
                0x03804050                vex::brain::lcd::print(char const*, ...)
 .text._ZN3vex5brainD2Ev
                0x03804108       0x20 C:\Program Files (x86)\VEX Robotics\VEXcode Pro V5\sdk/vexv5\libv5rt.a(vex_brain.cpp.obj)
                0x03804108                vex::brain::~brain()
                0x03804108                vex::brain::~brain()
 .text._ZN3vex11competition8_disableEPv
                0x03804128       0xa4 C:\Program Files (x86)\VEX Robotics\VEXcode Pro V5\sdk/vexv5\libv5rt.a(vex_competition.cpp.obj)
                0x03804128                vex::competition::_disable(void*)
 .text._ZN3vex11competition11_autonomousEv
                0x038041cc       0x80 C:\Program Files (x86)\VEX Robotics\VEXcode Pro V5\sdk/vexv5\libv5rt.a(vex_competition.cpp.obj)
                0x038041cc                vex::competition::_autonomous()
 .text._ZN3vex11competition14_drivercontrolEv
                0x0380424c       0x80 C:\Program Files (x86)\VEX Robotics\VEXcode Pro V5\sdk/vexv5\libv5rt.a(vex_competition.cpp.obj)
                0x0380424c                vex::competition::_drivercontrol()
 .text._ZN3vex11competitionC2Ev
                0x038042cc      0x13c C:\Program Files (x86)\VEX Robotics\VEXcode Pro V5\sdk/vexv5\libv5rt.a(vex_competition.cpp.obj)
                0x038042cc                vex::competition::competition()
                0x038042cc                vex::competition::competition()
 .text._ZN3vex11competitionD2Ev
                0x03804408        0x4 C:\Program Files (x86)\VEX Robotics\VEXcode Pro V5\sdk/vexv5\libv5rt.a(vex_competition.cpp.obj)
                0x03804408                vex::competition::~competition()
                0x03804408                vex::competition::~competition()
 .text._ZN3vex11competition10autonomousEPFvvE
                0x0380440c       0x44 C:\Program Files (x86)\VEX Robotics\VEXcode Pro V5\sdk/vexv5\libv5rt.a(vex_competition.cpp.obj)
                0x0380440c                vex::competition::autonomous(void (*)())
 .text._ZN3vex11competition13drivercontrolEPFvvE
                0x03804450       0x44 C:\Program Files (x86)\VEX Robotics\VEXcode Pro V5\sdk/vexv5\libv5rt.a(vex_competition.cpp.obj)
                0x03804450                vex::competition::drivercontrol(void (*)())
 .text._ZN3vex7triportD2Ev
                0x03804494       0x38 C:\Program Files (x86)\VEX Robotics\VEXcode Pro V5\sdk/vexv5\libv5rt.a(vex_triport.cpp.obj)
                0x03804494                vex::triport::~triport()
                0x03804494                vex::triport::~triport()
 .text._ZN3vex7triportD0Ev
                0x038044cc       0x1c C:\Program Files (x86)\VEX Robotics\VEXcode Pro V5\sdk/vexv5\libv5rt.a(vex_triport.cpp.obj)
                0x038044cc                vex::triport::~triport()
 .text._ZN3vex7triport9installedEv
                0x038044e8       0x18 C:\Program Files (x86)\VEX Robotics\VEXcode Pro V5\sdk/vexv5\libv5rt.a(vex_triport.cpp.obj)
                0x038044e8                vex::triport::installed()
 .text._ZN3vex7triport4portC2ElPS0_
                0x03804500       0x74 C:\Program Files (x86)\VEX Robotics\VEXcode Pro V5\sdk/vexv5\libv5rt.a(vex_triport.cpp.obj)
                0x03804500                vex::triport::port::port(long, vex::triport*)
                0x03804500                vex::triport::port::port(long, vex::triport*)
 .text._ZN3vex7triportC2El
                0x03804574       0xf0 C:\Program Files (x86)\VEX Robotics\VEXcode Pro V5\sdk/vexv5\libv5rt.a(vex_triport.cpp.obj)
                0x03804574                vex::triport::triport(long)
                0x03804574                vex::triport::triport(long)
 .text._ZN3vex7triport4port4typeENS_11triportTypeE
                0x03804664       0x30 C:\Program Files (x86)\VEX Robotics\VEXcode Pro V5\sdk/vexv5\libv5rt.a(vex_triport.cpp.obj)
                0x03804664                vex::triport::port::type(vex::triportType)
 .text._ZN3vex7triport4port4typeEv
                0x03804694       0x38 C:\Program Files (x86)\VEX Robotics\VEXcode Pro V5\sdk/vexv5\libv5rt.a(vex_triport.cpp.obj)
                0x03804694                vex::triport::port::type()
 .text._ZN3vex7triport4port5valueEv
                0x038046cc       0x14 C:\Program Files (x86)\VEX Robotics\VEXcode Pro V5\sdk/vexv5\libv5rt.a(vex_triport.cpp.obj)
                0x038046cc                vex::triport::port::value()
 .text._ZN3vex7triport4port5valueEl
                0x038046e0       0x18 C:\Program Files (x86)\VEX Robotics\VEXcode Pro V5\sdk/vexv5\libv5rt.a(vex_triport.cpp.obj)
                0x038046e0                vex::triport::port::value(long)
 .text._ZN3vex11__trideviceC2ERNS_7triport4portENS_11triportTypeE
                0x038046f8       0x5c C:\Program Files (x86)\VEX Robotics\VEXcode Pro V5\sdk/vexv5\libv5rt.a(vex_triport.cpp.obj)
                0x038046f8                vex::__tridevice::__tridevice(vex::triport::port&, vex::triportType)
                0x038046f8                vex::__tridevice::__tridevice(vex::triport::port&, vex::triportType)
 .text._ZN3vex11digital_outC2ERNS_7triport4portE
                0x03804754       0x18 C:\Program Files (x86)\VEX Robotics\VEXcode Pro V5\sdk/vexv5\libv5rt.a(vex_triport.cpp.obj)
                0x03804754                vex::digital_out::digital_out(vex::triport::port&)
                0x03804754                vex::digital_out::digital_out(vex::triport::port&)
 .text._ZN3vex11digital_outD2Ev
                0x0380476c        0x4 C:\Program Files (x86)\VEX Robotics\VEXcode Pro V5\sdk/vexv5\libv5rt.a(vex_triport.cpp.obj)
                0x0380476c                vex::digital_out::~digital_out()
                0x0380476c                vex::digital_out::~digital_out()
 .text._ZN3vex11digital_out5valueEv
                0x03804770        0x8 C:\Program Files (x86)\VEX Robotics\VEXcode Pro V5\sdk/vexv5\libv5rt.a(vex_triport.cpp.obj)
                0x03804770                vex::digital_out::value()
 .text._ZN3vex11digital_out3setEb
                0x03804778        0x8 C:\Program Files (x86)\VEX Robotics\VEXcode Pro V5\sdk/vexv5\libv5rt.a(vex_triport.cpp.obj)
                0x03804778                vex::digital_out::set(bool)
 .text._ZN3vex5colorD2Ev
                0x03804780        0x4 C:\Program Files (x86)\VEX Robotics\VEXcode Pro V5\sdk/vexv5\libv5rt.a(vex_color.cpp.obj)
                0x03804780                vex::color::~color()
                0x03804780                vex::color::~color()
 .text._ZNK3vex5colorcvmEv
                0x03804784        0x8 C:\Program Files (x86)\VEX Robotics\VEXcode Pro V5\sdk/vexv5\libv5rt.a(vex_color.cpp.obj)
                0x03804784                vex::color::operator unsigned long() const
 .text.startup._GLOBAL__sub_I__ZN3vex5color5blackE
                0x0380478c      0x164 C:\Program Files (x86)\VEX Robotics\VEXcode Pro V5\sdk/vexv5\libv5rt.a(vex_color.cpp.obj)
 .text._ZN3vex5timerD2Ev
                0x038048f0        0x4 C:\Program Files (x86)\VEX Robotics\VEXcode Pro V5\sdk/vexv5\libv5rt.a(vex_timer.cpp.obj)
                0x038048f0                vex::timer::~timer()
                0x038048f0                vex::timer::~timer()
 .text._ZN3vex5timer5clearEv
                0x038048f4       0x1c C:\Program Files (x86)\VEX Robotics\VEXcode Pro V5\sdk/vexv5\libv5rt.a(vex_timer.cpp.obj)
                0x038048f4                vex::timer::clear()
 .text._ZN3vex5timerC2Ev
                0x03804910       0x14 C:\Program Files (x86)\VEX Robotics\VEXcode Pro V5\sdk/vexv5\libv5rt.a(vex_timer.cpp.obj)
                0x03804910                vex::timer::timer()
                0x03804910                vex::timer::timer()
 .text._ZN3vex11motor_group18motor_group_motorsC2Ev
                0x03804924       0x28 C:\Program Files (x86)\VEX Robotics\VEXcode Pro V5\sdk/vexv5\libv5rt.a(vex_motorgroup.cpp.obj)
                0x03804924                vex::motor_group::motor_group_motors::motor_group_motors()
                0x03804924                vex::motor_group::motor_group_motors::motor_group_motors()
 .text._ZN3vex11motor_group18motor_group_motorsC2ERKS1_
                0x0380494c       0x20 C:\Program Files (x86)\VEX Robotics\VEXcode Pro V5\sdk/vexv5\libv5rt.a(vex_motorgroup.cpp.obj)
                0x0380494c                vex::motor_group::motor_group_motors::motor_group_motors(vex::motor_group::motor_group_motors const&)
                0x0380494c                vex::motor_group::motor_group_motors::motor_group_motors(vex::motor_group::motor_group_motors const&)
 .text._ZN3vex11motor_groupC2Ev
                0x0380496c       0x1c C:\Program Files (x86)\VEX Robotics\VEXcode Pro V5\sdk/vexv5\libv5rt.a(vex_motorgroup.cpp.obj)
                0x0380496c                vex::motor_group::motor_group()
                0x0380496c                vex::motor_group::motor_group()
 .text._ZN3vex11motor_groupD2Ev
                0x03804988        0x4 C:\Program Files (x86)\VEX Robotics\VEXcode Pro V5\sdk/vexv5\libv5rt.a(vex_motorgroup.cpp.obj)
                0x03804988                vex::motor_group::~motor_group()
                0x03804988                vex::motor_group::~motor_group()
 .text._ZN3vex11motor_group9_addMotorERNS_5motorE
                0x0380498c       0x20 C:\Program Files (x86)\VEX Robotics\VEXcode Pro V5\sdk/vexv5\libv5rt.a(vex_motorgroup.cpp.obj)
                0x0380498c                vex::motor_group::_addMotor(vex::motor&)
 .text._ZN3vex11motor_group11setVelocityEdNS_13velocityUnitsE
                0x038049ac       0x4c C:\Program Files (x86)\VEX Robotics\VEXcode Pro V5\sdk/vexv5\libv5rt.a(vex_motorgroup.cpp.obj)
                0x038049ac                vex::motor_group::setVelocity(double, vex::velocityUnits)
 .text._ZN3vex11motor_group4spinENS_13directionTypeE
                0x038049f8       0x38 C:\Program Files (x86)\VEX Robotics\VEXcode Pro V5\sdk/vexv5\libv5rt.a(vex_motorgroup.cpp.obj)
                0x038049f8                vex::motor_group::spin(vex::directionType)
 .text._ZN3vex11motor_group4spinENS_13directionTypeEdNS_13velocityUnitsE
                0x03804a30       0x54 C:\Program Files (x86)\VEX Robotics\VEXcode Pro V5\sdk/vexv5\libv5rt.a(vex_motorgroup.cpp.obj)
                0x03804a30                vex::motor_group::spin(vex::directionType, double, vex::velocityUnits)
 .text._ZN3vex11motor_group10isSpinningEv
                0x03804a84       0x40 C:\Program Files (x86)\VEX Robotics\VEXcode Pro V5\sdk/vexv5\libv5rt.a(vex_motorgroup.cpp.obj)
                0x03804a84                vex::motor_group::isSpinning()
 .text._ZN3vex11motor_group6isDoneEv
                0x03804ac4       0x14 C:\Program Files (x86)\VEX Robotics\VEXcode Pro V5\sdk/vexv5\libv5rt.a(vex_motorgroup.cpp.obj)
                0x03804ac4                vex::motor_group::isDone()
 .text._ZN3vex11motor_group14isSpinningModeEv
                0x03804ad8       0x40 C:\Program Files (x86)\VEX Robotics\VEXcode Pro V5\sdk/vexv5\libv5rt.a(vex_motorgroup.cpp.obj)
                0x03804ad8                vex::motor_group::isSpinningMode()
 .text._ZN3vex11motor_group4stopEv
                0x03804b18       0x30 C:\Program Files (x86)\VEX Robotics\VEXcode Pro V5\sdk/vexv5\libv5rt.a(vex_motorgroup.cpp.obj)
                0x03804b18                vex::motor_group::stop()
 .text._ZN3vex11motor_group9rotateForENS_13directionTypeEdNS_9timeUnitsE
                0x03804b48       0x80 C:\Program Files (x86)\VEX Robotics\VEXcode Pro V5\sdk/vexv5\libv5rt.a(vex_motorgroup.cpp.obj)
                0x03804b48                vex::motor_group::rotateFor(vex::directionType, double, vex::timeUnits)
 .text._ZN3vex11motor_group7spinForENS_13directionTypeEdNS_9timeUnitsE
                0x03804bc8        0x4 C:\Program Files (x86)\VEX Robotics\VEXcode Pro V5\sdk/vexv5\libv5rt.a(vex_motorgroup.cpp.obj)
                0x03804bc8                vex::motor_group::spinFor(vex::directionType, double, vex::timeUnits)
 .text._ZN3vex11motor_group4stopENS_9brakeTypeE
                0x03804bcc       0x38 C:\Program Files (x86)\VEX Robotics\VEXcode Pro V5\sdk/vexv5\libv5rt.a(vex_motorgroup.cpp.obj)
                0x03804bcc                vex::motor_group::stop(vex::brakeType)
 .text._ZN3vex11motor_group20waitForCompletionAllEv
                0x03804c04       0x60 C:\Program Files (x86)\VEX Robotics\VEXcode Pro V5\sdk/vexv5\libv5rt.a(vex_motorgroup.cpp.obj)
                0x03804c04                vex::motor_group::waitForCompletionAll()
 .text._ZN3vex11motor_group9rotateForENS_13directionTypeEdNS_13rotationUnitsEdNS_13velocityUnitsEb
                0x03804c64       0xa8 C:\Program Files (x86)\VEX Robotics\VEXcode Pro V5\sdk/vexv5\libv5rt.a(vex_motorgroup.cpp.obj)
                0x03804c64                vex::motor_group::rotateFor(vex::directionType, double, vex::rotationUnits, double, vex::velocityUnits, bool)
 .text._ZN3vex10drivetrainD2Ev
                0x03804d0c       0x28 C:\Program Files (x86)\VEX Robotics\VEXcode Pro V5\sdk/vexv5\libv5rt.a(vex_drivetrain.cpp.obj)
                0x03804d0c                vex::drivetrain::~drivetrain()
                0x03804d0c                vex::drivetrain::~drivetrain()
 .text._ZN3vex10drivetrainD0Ev
                0x03804d34       0x1c C:\Program Files (x86)\VEX Robotics\VEXcode Pro V5\sdk/vexv5\libv5rt.a(vex_drivetrain.cpp.obj)
                0x03804d34                vex::drivetrain::~drivetrain()
 .text._ZN3vex10drivetrain8isMovingEv
                0x03804d50       0x24 C:\Program Files (x86)\VEX Robotics\VEXcode Pro V5\sdk/vexv5\libv5rt.a(vex_drivetrain.cpp.obj)
                0x03804d50                vex::drivetrain::isMoving()
 .text._ZN3vex10drivetrain16setDriveVelocityEdNS_13velocityUnitsE
                0x03804d74       0x54 C:\Program Files (x86)\VEX Robotics\VEXcode Pro V5\sdk/vexv5\libv5rt.a(vex_drivetrain.cpp.obj)
                0x03804d74                vex::drivetrain::setDriveVelocity(double, vex::velocityUnits)
 .text._ZN3vex10drivetrain12setGearRatioEd
                0x03804dc8       0x54 C:\Program Files (x86)\VEX Robotics\VEXcode Pro V5\sdk/vexv5\libv5rt.a(vex_drivetrain.cpp.obj)
                0x03804dc8                vex::drivetrain::setGearRatio(double)
 .text._ZN3vex10drivetrain10timeoutGetEv
                0x03804e1c        0x8 C:\Program Files (x86)\VEX Robotics\VEXcode Pro V5\sdk/vexv5\libv5rt.a(vex_drivetrain.cpp.obj)
                0x03804e1c                vex::drivetrain::timeoutGet()
 .text._ZN3vex10drivetrain5driveENS_13directionTypeEdNS_13velocityUnitsE
                0x03804e24       0x64 C:\Program Files (x86)\VEX Robotics\VEXcode Pro V5\sdk/vexv5\libv5rt.a(vex_drivetrain.cpp.obj)
                0x03804e24                vex::drivetrain::drive(vex::directionType, double, vex::velocityUnits)
 .text._ZN3vex10drivetrain4turnENS_8turnTypeE
                0x03804e88       0x50 C:\Program Files (x86)\VEX Robotics\VEXcode Pro V5\sdk/vexv5\libv5rt.a(vex_drivetrain.cpp.obj)
                0x03804e88                vex::drivetrain::turn(vex::turnType)
 .text._ZN3vex10drivetrain15setTurnVelocityEdNS_13velocityUnitsE
                0x03804ed8       0x28 C:\Program Files (x86)\VEX Robotics\VEXcode Pro V5\sdk/vexv5\libv5rt.a(vex_drivetrain.cpp.obj)
                0x03804ed8                vex::drivetrain::setTurnVelocity(double, vex::velocityUnits)
 .text._ZN3vex10drivetrain4turnENS_8turnTypeEdNS_13velocityUnitsE
                0x03804f00       0x6c C:\Program Files (x86)\VEX Robotics\VEXcode Pro V5\sdk/vexv5\libv5rt.a(vex_drivetrain.cpp.obj)
                0x03804f00                vex::drivetrain::turn(vex::turnType, double, vex::velocityUnits)
 .text._ZN3vex10drivetrain6isDoneEv
                0x03804f6c       0x14 C:\Program Files (x86)\VEX Robotics\VEXcode Pro V5\sdk/vexv5\libv5rt.a(vex_drivetrain.cpp.obj)
                0x03804f6c                vex::drivetrain::isDone()
 .text._ZN3vex10drivetrain4stopEv
                0x03804f80       0x24 C:\Program Files (x86)\VEX Robotics\VEXcode Pro V5\sdk/vexv5\libv5rt.a(vex_drivetrain.cpp.obj)
                0x03804f80                vex::drivetrain::stop()
 .text._ZN3vex10drivetrain4stopENS_9brakeTypeE
                0x03804fa4       0x2c C:\Program Files (x86)\VEX Robotics\VEXcode Pro V5\sdk/vexv5\libv5rt.a(vex_drivetrain.cpp.obj)
                0x03804fa4                vex::drivetrain::stop(vex::brakeType)
 .text._ZN3vex10drivetrain21_waitForCompletionAllEv
                0x03804fd0       0x80 C:\Program Files (x86)\VEX Robotics\VEXcode Pro V5\sdk/vexv5\libv5rt.a(vex_drivetrain.cpp.obj)
                0x03804fd0                vex::drivetrain::_waitForCompletionAll()
 .text._ZN3vex10drivetrain12distanceToMmEdNS_13distanceUnitsE
                0x03805050       0x38 C:\Program Files (x86)\VEX Robotics\VEXcode Pro V5\sdk/vexv5\libv5rt.a(vex_drivetrain.cpp.obj)
                0x03805050                vex::drivetrain::distanceToMm(double, vex::distanceUnits)
 .text._ZN3vex10drivetrainC2ERNS_11motor_groupES2_dddNS_13distanceUnitsEd
                0x03805088       0xf8 C:\Program Files (x86)\VEX Robotics\VEXcode Pro V5\sdk/vexv5\libv5rt.a(vex_drivetrain.cpp.obj)
                0x03805088                vex::drivetrain::drivetrain(vex::motor_group&, vex::motor_group&, double, double, double, vex::distanceUnits, double)
                0x03805088                vex::drivetrain::drivetrain(vex::motor_group&, vex::motor_group&, double, double, double, vex::distanceUnits, double)
 .text._ZN3vex10drivetrain12_angleToRevsEdNS_13rotationUnitsE
                0x03805180       0x98 C:\Program Files (x86)\VEX Robotics\VEXcode Pro V5\sdk/vexv5\libv5rt.a(vex_drivetrain.cpp.obj)
                0x03805180                vex::drivetrain::_angleToRevs(double, vex::rotationUnits)
 .text._ZN3vex10drivetrain7turnForENS_8turnTypeEdNS_13rotationUnitsEb
                0x03805218       0xbc C:\Program Files (x86)\VEX Robotics\VEXcode Pro V5\sdk/vexv5\libv5rt.a(vex_drivetrain.cpp.obj)
                0x03805218                vex::drivetrain::turnFor(vex::turnType, double, vex::rotationUnits, bool)
 .text._ZN3vex10drivetrain7turnForEdNS_13rotationUnitsEb
                0x038052d4       0x10 C:\Program Files (x86)\VEX Robotics\VEXcode Pro V5\sdk/vexv5\libv5rt.a(vex_drivetrain.cpp.obj)
                0x038052d4                vex::drivetrain::turnFor(double, vex::rotationUnits, bool)
 .text._ZN3vex10drivetrain7turnForENS_8turnTypeEdNS_13rotationUnitsEdNS_13velocityUnitsEb
                0x038052e4       0xd0 C:\Program Files (x86)\VEX Robotics\VEXcode Pro V5\sdk/vexv5\libv5rt.a(vex_drivetrain.cpp.obj)
                0x038052e4                vex::drivetrain::turnFor(vex::turnType, double, vex::rotationUnits, double, vex::velocityUnits, bool)
 .text._ZN3vex10drivetrain7turnForEdNS_13rotationUnitsEdNS_13velocityUnitsEb
                0x038053b4       0x18 C:\Program Files (x86)\VEX Robotics\VEXcode Pro V5\sdk/vexv5\libv5rt.a(vex_drivetrain.cpp.obj)
                0x038053b4                vex::drivetrain::turnFor(double, vex::rotationUnits, double, vex::velocityUnits, bool)
 .text._ZN3vex10smartdriveD2Ev
                0x038053cc       0x3c C:\Program Files (x86)\VEX Robotics\VEXcode Pro V5\sdk/vexv5\libv5rt.a(vex_smartdrive.cpp.obj)
                0x038053cc                vex::smartdrive::~smartdrive()
                0x038053cc                vex::smartdrive::~smartdrive()
 .text._ZN3vex10smartdriveD0Ev
                0x03805408       0x1c C:\Program Files (x86)\VEX Robotics\VEXcode Pro V5\sdk/vexv5\libv5rt.a(vex_smartdrive.cpp.obj)
                0x03805408                vex::smartdrive::~smartdrive()
 .text._ZN3vex10smartdrive23setTurnDirectionReverseEb
                0x03805424       0x20 C:\Program Files (x86)\VEX Robotics\VEXcode Pro V5\sdk/vexv5\libv5rt.a(vex_smartdrive.cpp.obj)
                0x03805424                vex::smartdrive::setTurnDirectionReverse(bool)
 .text._ZN3vex10smartdriveC2ERNS_11motor_groupES2_RNS_5guidoEdddNS_13distanceUnitsEd
                0x03805444       0x9c C:\Program Files (x86)\VEX Robotics\VEXcode Pro V5\sdk/vexv5\libv5rt.a(vex_smartdrive.cpp.obj)
                0x03805444                vex::smartdrive::smartdrive(vex::motor_group&, vex::motor_group&, vex::guido&, double, double, double, vex::distanceUnits, double)
                0x03805444                vex::smartdrive::smartdrive(vex::motor_group&, vex::motor_group&, vex::guido&, double, double, double, vex::distanceUnits, double)
 .text._ZN3vex10smartdrive8rotationENS_13rotationUnitsE
                0x038054e0       0x10 C:\Program Files (x86)\VEX Robotics\VEXcode Pro V5\sdk/vexv5\libv5rt.a(vex_smartdrive.cpp.obj)
                0x038054e0                vex::smartdrive::rotation(vex::rotationUnits)
 .text._ZN3vex10smartdrive9isTurningEv
                0x038054f0       0x1c C:\Program Files (x86)\VEX Robotics\VEXcode Pro V5\sdk/vexv5\libv5rt.a(vex_smartdrive.cpp.obj)
                0x038054f0                vex::smartdrive::isTurning()
 .text._ZN3vex10smartdrive11_initeventsEv
                0x0380550c       0x50 C:\Program Files (x86)\VEX Robotics\VEXcode Pro V5\sdk/vexv5\libv5rt.a(vex_smartdrive.cpp.obj)
                0x0380550c                vex::smartdrive::_initevents()
 .text._ZN3vex10smartdrive22_testForCompletionGyroEv
                0x0380555c       0xd0 C:\Program Files (x86)\VEX Robotics\VEXcode Pro V5\sdk/vexv5\libv5rt.a(vex_smartdrive.cpp.obj)
                0x0380555c                vex::smartdrive::_testForCompletionGyro()
 .text._ZN3vex10smartdrive9_gyrotaskEPv
                0x0380562c       0x94 C:\Program Files (x86)\VEX Robotics\VEXcode Pro V5\sdk/vexv5\libv5rt.a(vex_smartdrive.cpp.obj)
                0x0380562c                vex::smartdrive::_gyrotask(void*)
 .text._ZN3vex10smartdrive22_waitForCompletionGyroEv
                0x038056c0       0xa8 C:\Program Files (x86)\VEX Robotics\VEXcode Pro V5\sdk/vexv5\libv5rt.a(vex_smartdrive.cpp.obj)
                0x038056c0                vex::smartdrive::_waitForCompletionGyro()
 .text._ZN3vex10smartdrive7turnForENS_8turnTypeEdNS_13rotationUnitsEdNS_13velocityUnitsEb
                0x03805768      0x160 C:\Program Files (x86)\VEX Robotics\VEXcode Pro V5\sdk/vexv5\libv5rt.a(vex_smartdrive.cpp.obj)
                0x03805768                vex::smartdrive::turnFor(vex::turnType, double, vex::rotationUnits, double, vex::velocityUnits, bool)
 .text._ZN3vex10smartdrive7turnForENS_8turnTypeEdNS_13rotationUnitsEb
                0x038058c8       0x34 C:\Program Files (x86)\VEX Robotics\VEXcode Pro V5\sdk/vexv5\libv5rt.a(vex_smartdrive.cpp.obj)
                0x038058c8                vex::smartdrive::turnFor(vex::turnType, double, vex::rotationUnits, bool)
 .text._ZN3vex10smartdrive7turnForEdNS_13rotationUnitsEb
                0x038058fc       0x10 C:\Program Files (x86)\VEX Robotics\VEXcode Pro V5\sdk/vexv5\libv5rt.a(vex_smartdrive.cpp.obj)
                0x038058fc                vex::smartdrive::turnFor(double, vex::rotationUnits, bool)
 .text._ZN3vex10smartdrive7turnForEdNS_13rotationUnitsEdNS_13velocityUnitsEb
                0x0380590c       0x18 C:\Program Files (x86)\VEX Robotics\VEXcode Pro V5\sdk/vexv5\libv5rt.a(vex_smartdrive.cpp.obj)
                0x0380590c                vex::smartdrive::turnFor(double, vex::rotationUnits, double, vex::velocityUnits, bool)
 .text._ZN3vex10smartdrive8isMovingEv
                0x03805924       0x20 C:\Program Files (x86)\VEX Robotics\VEXcode Pro V5\sdk/vexv5\libv5rt.a(vex_smartdrive.cpp.obj)
                0x03805924                vex::smartdrive::isMoving()
 .text.vexAdiPortConfigSet
                0x03805944       0x28 C:\Program Files (x86)\VEX Robotics\VEXcode Pro V5\sdk/vexv5\libv5rt.a(v5_apiuser.c.obj)
                0x03805944                vexAdiPortConfigSet
 .text.vexAdiPortConfigGet
                0x0380596c       0x28 C:\Program Files (x86)\VEX Robotics\VEXcode Pro V5\sdk/vexv5\libv5rt.a(v5_apiuser.c.obj)
                0x0380596c                vexAdiPortConfigGet
 .text.vexAdiValueSet
                0x03805994       0x28 C:\Program Files (x86)\VEX Robotics\VEXcode Pro V5\sdk/vexv5\libv5rt.a(v5_apiuser.c.obj)
                0x03805994                vexAdiValueSet
 .text.vexAdiValueGet
                0x038059bc       0x20 C:\Program Files (x86)\VEX Robotics\VEXcode Pro V5\sdk/vexv5\libv5rt.a(v5_apiuser.c.obj)
                0x038059bc                vexAdiValueGet
 .text.vexMotorVelocitySet
                0x038059dc       0x20 C:\Program Files (x86)\VEX Robotics\VEXcode Pro V5\sdk/vexv5\libv5rt.a(v5_apiuser.c.obj)
                0x038059dc                vexMotorVelocitySet
 .text.vexMotorVelocityGet
                0x038059fc       0x18 C:\Program Files (x86)\VEX Robotics\VEXcode Pro V5\sdk/vexv5\libv5rt.a(v5_apiuser.c.obj)
                0x038059fc                vexMotorVelocityGet
 .text.vexMotorActualVelocityGet
                0x03805a14       0x24 C:\Program Files (x86)\VEX Robotics\VEXcode Pro V5\sdk/vexv5\libv5rt.a(v5_apiuser.c.obj)
                0x03805a14                vexMotorActualVelocityGet
 .text.vexMotorModeGet
                0x03805a38       0x18 C:\Program Files (x86)\VEX Robotics\VEXcode Pro V5\sdk/vexv5\libv5rt.a(v5_apiuser.c.obj)
                0x03805a38                vexMotorModeGet
 .text.vexMotorZeroPositionFlagGet
                0x03805a50       0x18 C:\Program Files (x86)\VEX Robotics\VEXcode Pro V5\sdk/vexv5\libv5rt.a(v5_apiuser.c.obj)
                0x03805a50                vexMotorZeroPositionFlagGet
 .text.vexMotorReverseFlagSet
                0x03805a68       0x20 C:\Program Files (x86)\VEX Robotics\VEXcode Pro V5\sdk/vexv5\libv5rt.a(v5_apiuser.c.obj)
                0x03805a68                vexMotorReverseFlagSet
 .text.vexMotorEncoderUnitsSet
                0x03805a88       0x20 C:\Program Files (x86)\VEX Robotics\VEXcode Pro V5\sdk/vexv5\libv5rt.a(v5_apiuser.c.obj)
                0x03805a88                vexMotorEncoderUnitsSet
 .text.vexMotorBrakeModeSet
                0x03805aa8       0x20 C:\Program Files (x86)\VEX Robotics\VEXcode Pro V5\sdk/vexv5\libv5rt.a(v5_apiuser.c.obj)
                0x03805aa8                vexMotorBrakeModeSet
 .text.vexMotorPositionSet
                0x03805ac8       0x28 C:\Program Files (x86)\VEX Robotics\VEXcode Pro V5\sdk/vexv5\libv5rt.a(v5_apiuser.c.obj)
                0x03805ac8                vexMotorPositionSet
 .text.vexMotorAbsoluteTargetSet
                0x03805af0       0x30 C:\Program Files (x86)\VEX Robotics\VEXcode Pro V5\sdk/vexv5\libv5rt.a(v5_apiuser.c.obj)
                0x03805af0                vexMotorAbsoluteTargetSet
 .text.vexMotorRelativeTargetSet
                0x03805b20       0x30 C:\Program Files (x86)\VEX Robotics\VEXcode Pro V5\sdk/vexv5\libv5rt.a(v5_apiuser.c.obj)
                0x03805b20                vexMotorRelativeTargetSet
 .text.vexMotorGearingSet
                0x03805b50       0x20 C:\Program Files (x86)\VEX Robotics\VEXcode Pro V5\sdk/vexv5\libv5rt.a(v5_apiuser.c.obj)
                0x03805b50                vexMotorGearingSet
 .text.vexMotorGearingGet
                0x03805b70       0x18 C:\Program Files (x86)\VEX Robotics\VEXcode Pro V5\sdk/vexv5\libv5rt.a(v5_apiuser.c.obj)
                0x03805b70                vexMotorGearingGet
 .text.vexVisionModeSet
                0x03805b88       0x20 C:\Program Files (x86)\VEX Robotics\VEXcode Pro V5\sdk/vexv5\libv5rt.a(v5_apiuser.c.obj)
                0x03805b88                vexVisionModeSet
 .text.vexVisionObjectCountGet
                0x03805ba8       0x18 C:\Program Files (x86)\VEX Robotics\VEXcode Pro V5\sdk/vexv5\libv5rt.a(v5_apiuser.c.obj)
                0x03805ba8                vexVisionObjectCountGet
 .text.vexVisionObjectGet
                0x03805bc0       0x28 C:\Program Files (x86)\VEX Robotics\VEXcode Pro V5\sdk/vexv5\libv5rt.a(v5_apiuser.c.obj)
                0x03805bc0                vexVisionObjectGet
 .text.vexVisionSignatureSet
                0x03805be8       0x20 C:\Program Files (x86)\VEX Robotics\VEXcode Pro V5\sdk/vexv5\libv5rt.a(v5_apiuser.c.obj)
                0x03805be8                vexVisionSignatureSet
 .text.vexVisionBrightnessSet
                0x03805c08       0x20 C:\Program Files (x86)\VEX Robotics\VEXcode Pro V5\sdk/vexv5\libv5rt.a(v5_apiuser.c.obj)
                0x03805c08                vexVisionBrightnessSet
 .text.vexVisionLedModeSet
                0x03805c28       0x20 C:\Program Files (x86)\VEX Robotics\VEXcode Pro V5\sdk/vexv5\libv5rt.a(v5_apiuser.c.obj)
                0x03805c28                vexVisionLedModeSet
 .text.vexVisionLedColorSet
                0x03805c48       0x2c C:\Program Files (x86)\VEX Robotics\VEXcode Pro V5\sdk/vexv5\libv5rt.a(v5_apiuser.c.obj)
                0x03805c48                vexVisionLedColorSet
 .text.vexImuReset
                0x03805c74       0x10 C:\Program Files (x86)\VEX Robotics\VEXcode Pro V5\sdk/vexv5\libv5rt.a(v5_apiuser.c.obj)
                0x03805c74                vexImuReset
 .text.vexImuHeadingGet
                0x03805c84       0x10 C:\Program Files (x86)\VEX Robotics\VEXcode Pro V5\sdk/vexv5\libv5rt.a(v5_apiuser.c.obj)
                0x03805c84                vexImuHeadingGet
 .text.vexImuDegreesGet
                0x03805c94       0x10 C:\Program Files (x86)\VEX Robotics\VEXcode Pro V5\sdk/vexv5\libv5rt.a(v5_apiuser.c.obj)
                0x03805c94                vexImuDegreesGet
 .text.vexImuStatusGet
                0x03805ca4       0x10 C:\Program Files (x86)\VEX Robotics\VEXcode Pro V5\sdk/vexv5\libv5rt.a(v5_apiuser.c.obj)
                0x03805ca4                vexImuStatusGet
 .text.vexOpticalHueGet
                0x03805cb4       0x10 C:\Program Files (x86)\VEX Robotics\VEXcode Pro V5\sdk/vexv5\libv5rt.a(v5_apiuser.c.obj)
                0x03805cb4                vexOpticalHueGet
 .text.vexOpticalGestureEnable
                0x03805cc4       0x10 C:\Program Files (x86)\VEX Robotics\VEXcode Pro V5\sdk/vexv5\libv5rt.a(v5_apiuser.c.obj)
                0x03805cc4                vexOpticalGestureEnable
 .text.vexOpticalGestureDisable
                0x03805cd4       0x10 C:\Program Files (x86)\VEX Robotics\VEXcode Pro V5\sdk/vexv5\libv5rt.a(v5_apiuser.c.obj)
                0x03805cd4                vexOpticalGestureDisable
 .text.vexOpticalProximityThreshold
                0x03805ce4       0x18 C:\Program Files (x86)\VEX Robotics\VEXcode Pro V5\sdk/vexv5\libv5rt.a(v5_apiuser.c.obj)
                0x03805ce4                vexOpticalProximityThreshold
 .text.vexEventMaskSet
                0x03805cfc       0x28 C:\Program Files (x86)\VEX Robotics\VEXcode Pro V5\sdk/vexv5\libv5rt.a(v5_apiuser.c.obj)
                0x03805cfc                vexEventMaskSet
 .text.vexEventMaskGet
                0x03805d24       0x18 C:\Program Files (x86)\VEX Robotics\VEXcode Pro V5\sdk/vexv5\libv5rt.a(v5_apiuser.c.obj)
                0x03805d24                vexEventMaskGet
 .text._ZN3vex6deviceD2Ev
                0x03805d3c        0x4 C:\Program Files (x86)\VEX Robotics\VEXcode Pro V5\sdk/vexv5\libv5rt.a(vex_device.cpp.obj)
                0x03805d3c                vex::device::~device()
                0x03805d3c                vex::device::~device()
 .text._ZN3vex6device5valueEv
                0x03805d40        0x8 C:\Program Files (x86)\VEX Robotics\VEXcode Pro V5\sdk/vexv5\libv5rt.a(vex_device.cpp.obj)
                0x03805d40                vex::device::value()
 .text._ZN3vex6deviceD0Ev
                0x03805d48       0x14 C:\Program Files (x86)\VEX Robotics\VEXcode Pro V5\sdk/vexv5\libv5rt.a(vex_device.cpp.obj)
                0x03805d48                vex::device::~device()
 .text._ZN3vex6device4initEl
                0x03805d5c       0x30 C:\Program Files (x86)\VEX Robotics\VEXcode Pro V5\sdk/vexv5\libv5rt.a(vex_device.cpp.obj)
                0x03805d5c                vex::device::init(long)
 .text._ZN3vex6deviceC2El
                0x03805d8c       0x20 C:\Program Files (x86)\VEX Robotics\VEXcode Pro V5\sdk/vexv5\libv5rt.a(vex_device.cpp.obj)
                0x03805d8c                vex::device::device(long)
                0x03805d8c                vex::device::device(long)
 .text._ZN3vex6device4typeEv
                0x03805dac       0x10 C:\Program Files (x86)\VEX Robotics\VEXcode Pro V5\sdk/vexv5\libv5rt.a(vex_device.cpp.obj)
                0x03805dac                vex::device::type()
 .text._ZN3vex6device9installedEv
                0x03805dbc       0x14 C:\Program Files (x86)\VEX Robotics\VEXcode Pro V5\sdk/vexv5\libv5rt.a(vex_device.cpp.obj)
                0x03805dbc                vex::device::installed()
 .text.__libc_fini_array
                0x03805dd0       0x30 C:\Program Files (x86)\VEX Robotics\VEXcode Pro V5\sdk/vexv5/gcc/libs\libc.a(lib_a-fini.o)
                0x03805dd0                __libc_fini_array
 .text.__libc_init_array
                0x03805e00       0x58 C:\Program Files (x86)\VEX Robotics\VEXcode Pro V5\sdk/vexv5/gcc/libs\libc.a(lib_a-init.o)
                0x03805e00                __libc_init_array
 .text.__libc_init_array.__stub
                0x03805e58       0x18 linker stubs
 *(.gnu.linkonce.t.*)
 *(.plt)
 *(.gnu_warning)
 *(.gcc_except_table)
 *(.glue_7)
 .glue_7        0x00000000        0x0 linker stubs
 *(.glue_7t)
 .glue_7t       0x00000000        0x0 linker stubs
 *(.vfp11_veneer)
 .vfp11_veneer  0x00000000        0x0 linker stubs
 *(.ARM.extab)
 *(.gnu.linkonce.armextab.*)

.v4_bx          0x03805e70        0x0
 .v4_bx         0x00000000        0x0 linker stubs

.iplt           0x03805e70        0x0
 .iplt          0x00000000        0x0 build/src/vision.o

.init
 *(.init)

.fini
 *(.fini)

.rodata         0x03805e70      0x29c
                0x03805e70                __rodata_start = .
 *(.rodata)
 *(.rodata.*)
 .rodata.str1.1
                0x03805e70       0x4c build/src/robot-config.o
 .rodata.str1.1
                0x03805ebc       0x2e C:\Program Files (x86)\VEX Robotics\VEXcode Pro V5\sdk/vexv5\libv5rt.a(v5_startup.c.obj)
 *fill*         0x03805eea        0x2 
 .rodata._ZN3vex6PORT20E
                0x03805eec        0x4 C:\Program Files (x86)\VEX Robotics\VEXcode Pro V5\sdk/vexv5\libv5rt.a(vex_global.cpp.obj)
                0x03805eec                vex::PORT20
 .rodata._ZN3vex5PORT3E
                0x03805ef0        0x4 C:\Program Files (x86)\VEX Robotics\VEXcode Pro V5\sdk/vexv5\libv5rt.a(vex_global.cpp.obj)
                0x03805ef0                vex::PORT3
 .rodata._ZN3vex7reverseE
                0x03805ef4        0x4 C:\Program Files (x86)\VEX Robotics\VEXcode Pro V5\sdk/vexv5\libv5rt.a(vex_global.cpp.obj)
                0x03805ef4                vex::reverse
 .rodata._ZN3vex7forwardE
                0x03805ef8        0x4 C:\Program Files (x86)\VEX Robotics\VEXcode Pro V5\sdk/vexv5\libv5rt.a(vex_global.cpp.obj)
                0x03805ef8                vex::forward
 .rodata._ZN3vex4msecE
                0x03805efc        0x4 C:\Program Files (x86)\VEX Robotics\VEXcode Pro V5\sdk/vexv5\libv5rt.a(vex_global.cpp.obj)
                0x03805efc                vex::msec
 .rodata._ZN3vex5PORT9E
                0x03805f00        0x4 C:\Program Files (x86)\VEX Robotics\VEXcode Pro V5\sdk/vexv5\libv5rt.a(vex_global.cpp.obj)
                0x03805f00                vex::PORT9
 .rodata._ZN3vex6PORT11E
                0x03805f04        0x4 C:\Program Files (x86)\VEX Robotics\VEXcode Pro V5\sdk/vexv5\libv5rt.a(vex_global.cpp.obj)
                0x03805f04                vex::PORT11
 .rodata._ZN3vex7primaryE
                0x03805f08        0x4 C:\Program Files (x86)\VEX Robotics\VEXcode Pro V5\sdk/vexv5\libv5rt.a(vex_global.cpp.obj)
                0x03805f08                vex::primary
 .rodata._ZN3vex7percentE
                0x03805f0c        0x4 C:\Program Files (x86)\VEX Robotics\VEXcode Pro V5\sdk/vexv5\libv5rt.a(vex_global.cpp.obj)
                0x03805f0c                vex::percent
 .rodata._ZN3vex6PORT19E
                0x03805f10        0x4 C:\Program Files (x86)\VEX Robotics\VEXcode Pro V5\sdk/vexv5\libv5rt.a(vex_global.cpp.obj)
                0x03805f10                vex::PORT19
 .rodata._ZN3vex6PORT22E
                0x03805f14        0x4 C:\Program Files (x86)\VEX Robotics\VEXcode Pro V5\sdk/vexv5\libv5rt.a(vex_global.cpp.obj)
                0x03805f14                vex::PORT22
 .rodata._ZN3vex4holdE
                0x03805f18        0x4 C:\Program Files (x86)\VEX Robotics\VEXcode Pro V5\sdk/vexv5\libv5rt.a(vex_global.cpp.obj)
                0x03805f18                vex::hold
 .rodata._ZN3vex6PORT12E
                0x03805f1c        0x4 C:\Program Files (x86)\VEX Robotics\VEXcode Pro V5\sdk/vexv5\libv5rt.a(vex_global.cpp.obj)
                0x03805f1c                vex::PORT12
 .rodata._ZN3vex4leftE
                0x03805f20        0x4 C:\Program Files (x86)\VEX Robotics\VEXcode Pro V5\sdk/vexv5\libv5rt.a(vex_global.cpp.obj)
                0x03805f20                vex::left
 .rodata._ZN3vex6PORT16E
                0x03805f24        0x4 C:\Program Files (x86)\VEX Robotics\VEXcode Pro V5\sdk/vexv5\libv5rt.a(vex_global.cpp.obj)
                0x03805f24                vex::PORT16
 .rodata._ZN3vex2mmE
                0x03805f28        0x4 C:\Program Files (x86)\VEX Robotics\VEXcode Pro V5\sdk/vexv5\libv5rt.a(vex_global.cpp.obj)
                0x03805f28                vex::mm
 .rodata._ZN3vex5brakeE
                0x03805f2c        0x4 C:\Program Files (x86)\VEX Robotics\VEXcode Pro V5\sdk/vexv5\libv5rt.a(vex_global.cpp.obj)
                0x03805f2c                vex::brake
 .rodata._ZN3vex5coastE
                0x03805f30        0x4 C:\Program Files (x86)\VEX Robotics\VEXcode Pro V5\sdk/vexv5\libv5rt.a(vex_global.cpp.obj)
                0x03805f30                vex::coast
 .rodata._ZN3vex5PORT4E
                0x03805f34        0x4 C:\Program Files (x86)\VEX Robotics\VEXcode Pro V5\sdk/vexv5\libv5rt.a(vex_global.cpp.obj)
                0x03805f34                vex::PORT4
 .rodata._ZN3vex6PORT13E
                0x03805f38        0x4 C:\Program Files (x86)\VEX Robotics\VEXcode Pro V5\sdk/vexv5\libv5rt.a(vex_global.cpp.obj)
                0x03805f38                vex::PORT13
 .rodata._ZN3vex5PORT8E
                0x03805f3c        0x4 C:\Program Files (x86)\VEX Robotics\VEXcode Pro V5\sdk/vexv5\libv5rt.a(vex_global.cpp.obj)
                0x03805f3c                vex::PORT8
 .rodata._ZN3vex9ratio18_1E
                0x03805f40        0x4 C:\Program Files (x86)\VEX Robotics\VEXcode Pro V5\sdk/vexv5\libv5rt.a(vex_global.cpp.obj)
                0x03805f40                vex::ratio18_1
 .rodata._ZN3vex5rightE
                0x03805f44        0x4 C:\Program Files (x86)\VEX Robotics\VEXcode Pro V5\sdk/vexv5\libv5rt.a(vex_global.cpp.obj)
                0x03805f44                vex::right
 .rodata._ZN3vex6PORT17E
                0x03805f48        0x4 C:\Program Files (x86)\VEX Robotics\VEXcode Pro V5\sdk/vexv5\libv5rt.a(vex_global.cpp.obj)